Fast 1200mV 0C Model report for DSD
Tue Nov 28 17:50:32 2023
Quartus Prime Version 22.1std.0 Build 915 10/25/2022 SC Standard Edition


---------------------
; Table of Contents ;
---------------------
  1. Legal Notice
  2. Fast 1200mV 0C Model Setup Summary
  3. Fast 1200mV 0C Model Hold Summary
  4. Fast 1200mV 0C Model Recovery Summary
  5. Fast 1200mV 0C Model Removal Summary
  6. Fast 1200mV 0C Model Minimum Pulse Width Summary
  7. Fast 1200mV 0C Model Setup: 'I2S_BCKorDSDCLK'
  8. Fast 1200mV 0C Model Setup: 'DSM_1bit:DSM|I2S_PCM_Converter:b2v_inst|WCLK_O'
  9. Fast 1200mV 0C Model Hold: 'I2S_BCKorDSDCLK'
 10. Fast 1200mV 0C Model Hold: 'DSM_1bit:DSM|I2S_PCM_Converter:b2v_inst|WCLK_O'
 11. Fast 1200mV 0C Model Metastability Summary



----------------
; Legal Notice ;
----------------
Copyright (C) 2022  Intel Corporation. All rights reserved.
Your use of Intel Corporation's design tools, logic functions 
and other software and tools, and any partner logic 
functions, and any output files from any of the foregoing 
(including device programming or simulation files), and any 
associated documentation or information are expressly subject 
to the terms and conditions of the Intel Program License 
Subscription Agreement, the Intel Quartus Prime License Agreement,
the Intel FPGA IP License Agreement, or other applicable license
agreement, including, without limitation, that your use is for
the sole purpose of programming logic devices manufactured by
Intel and sold by Intel or its authorized distributors.  Please
refer to the applicable agreement for further details, at
https://fpgasoftware.intel.com/eula.



+-------------------------------------------------------------------------+
; Fast 1200mV 0C Model Setup Summary                                      ;
+------------------------------------------------+--------+---------------+
; Clock                                          ; Slack  ; End Point TNS ;
+------------------------------------------------+--------+---------------+
; I2S_BCKorDSDCLK                                ; 7.744  ; 0.000         ;
; DSM_1bit:DSM|I2S_PCM_Converter:b2v_inst|WCLK_O ; 13.712 ; 0.000         ;
+------------------------------------------------+--------+---------------+


+-------------------------------------------------------------------------+
; Fast 1200mV 0C Model Hold Summary                                       ;
+------------------------------------------------+--------+---------------+
; Clock                                          ; Slack  ; End Point TNS ;
+------------------------------------------------+--------+---------------+
; I2S_BCKorDSDCLK                                ; 0.196  ; 0.000         ;
; DSM_1bit:DSM|I2S_PCM_Converter:b2v_inst|WCLK_O ; 15.620 ; 0.000         ;
+------------------------------------------------+--------+---------------+


-----------------------------------------
; Fast 1200mV 0C Model Recovery Summary ;
-----------------------------------------
No paths to report.


----------------------------------------
; Fast 1200mV 0C Model Removal Summary ;
----------------------------------------
No paths to report.


+-------------------------------------------------------------------------+
; Fast 1200mV 0C Model Minimum Pulse Width Summary                        ;
+------------------------------------------------+--------+---------------+
; Clock                                          ; Slack  ; End Point TNS ;
+------------------------------------------------+--------+---------------+
; DSM_1bit:DSM|I2S_PCM_Converter:b2v_inst|WCLK_O ; 20.061 ; 0.000         ;
; I2S_BCKorDSDCLK                                ; 20.102 ; 0.000         ;
+------------------------------------------------+--------+---------------+


+--------------------------------------------------------------------------------------------------------------------------------------------------------------------------------------+
; Fast 1200mV 0C Model Setup: 'I2S_BCKorDSDCLK'                                                                                                                                        ;
+-------+-------------------------------------------------------+----------+------------------------------------------------+-----------------+--------------+------------+------------+
; Slack ; From Node                                             ; To Node  ; Launch Clock                                   ; Latch Clock     ; Relationship ; Clock Skew ; Data Delay ;
+-------+-------------------------------------------------------+----------+------------------------------------------------+-----------------+--------------+------------+------------+
; 7.744 ; DSM_1bit:DSM|DSM_MAXIMIZER:b2v_inst12|DSDDATA_Buf[0]  ; DSDLEFT  ; I2S_BCKorDSDCLK                                ; I2S_BCKorDSDCLK ; 20.361       ; -1.548     ; 6.069      ;
; 7.781 ; DSM_1bit:DSM|DSM_MAXIMIZER:b2v_inst13|DSDDATA_Buf[0]  ; DSDRIGHT ; I2S_BCKorDSDCLK                                ; I2S_BCKorDSDCLK ; 20.361       ; -1.526     ; 6.054      ;
; 8.303 ; DSM_1bit:DSM|I2S_PCM_Converter:b2v_inst|DATAL_Buf[1]  ; DSDLEFT  ; DSM_1bit:DSM|I2S_PCM_Converter:b2v_inst|WCLK_O ; I2S_BCKorDSDCLK ; 20.361       ; -1.330     ; 5.728      ;
; 8.333 ; DSM_1bit:DSM|I2S_PCM_Converter:b2v_inst|DATAR_Buf[1]  ; DSDRIGHT ; DSM_1bit:DSM|I2S_PCM_Converter:b2v_inst|WCLK_O ; I2S_BCKorDSDCLK ; 20.361       ; -1.308     ; 5.720      ;
; 8.350 ; DSM_1bit:DSM|I2S_PCM_Converter:b2v_inst|DATAL_Buf[0]  ; DSDLEFT  ; DSM_1bit:DSM|I2S_PCM_Converter:b2v_inst|WCLK_O ; I2S_BCKorDSDCLK ; 20.361       ; -1.330     ; 5.681      ;
; 8.361 ; DSM_1bit:DSM|I2S_PCM_Converter:b2v_inst|DATAR_Buf[0]  ; DSDRIGHT ; DSM_1bit:DSM|I2S_PCM_Converter:b2v_inst|WCLK_O ; I2S_BCKorDSDCLK ; 20.361       ; -1.308     ; 5.692      ;
; 8.375 ; DSM_1bit:DSM|I2S_PCM_Converter:b2v_inst|DATAL_Buf[3]  ; DSDLEFT  ; DSM_1bit:DSM|I2S_PCM_Converter:b2v_inst|WCLK_O ; I2S_BCKorDSDCLK ; 20.361       ; -1.330     ; 5.656      ;
; 8.405 ; DSM_1bit:DSM|I2S_PCM_Converter:b2v_inst|DATAR_Buf[3]  ; DSDRIGHT ; DSM_1bit:DSM|I2S_PCM_Converter:b2v_inst|WCLK_O ; I2S_BCKorDSDCLK ; 20.361       ; -1.308     ; 5.648      ;
; 8.419 ; DSM_1bit:DSM|I2S_PCM_Converter:b2v_inst|DATAL_Buf[2]  ; DSDLEFT  ; DSM_1bit:DSM|I2S_PCM_Converter:b2v_inst|WCLK_O ; I2S_BCKorDSDCLK ; 20.361       ; -1.330     ; 5.612      ;
; 8.429 ; DSM_1bit:DSM|I2S_PCM_Converter:b2v_inst|DATAR_Buf[2]  ; DSDRIGHT ; DSM_1bit:DSM|I2S_PCM_Converter:b2v_inst|WCLK_O ; I2S_BCKorDSDCLK ; 20.361       ; -1.308     ; 5.624      ;
; 8.442 ; DSM_1bit:DSM|I2S_PCM_Converter:b2v_inst|DATAL_Buf[5]  ; DSDLEFT  ; DSM_1bit:DSM|I2S_PCM_Converter:b2v_inst|WCLK_O ; I2S_BCKorDSDCLK ; 20.361       ; -1.330     ; 5.589      ;
; 8.472 ; DSM_1bit:DSM|I2S_PCM_Converter:b2v_inst|DATAR_Buf[5]  ; DSDRIGHT ; DSM_1bit:DSM|I2S_PCM_Converter:b2v_inst|WCLK_O ; I2S_BCKorDSDCLK ; 20.361       ; -1.308     ; 5.581      ;
; 8.487 ; DSM_1bit:DSM|I2S_PCM_Converter:b2v_inst|DATAL_Buf[4]  ; DSDLEFT  ; DSM_1bit:DSM|I2S_PCM_Converter:b2v_inst|WCLK_O ; I2S_BCKorDSDCLK ; 20.361       ; -1.330     ; 5.544      ;
; 8.497 ; DSM_1bit:DSM|I2S_PCM_Converter:b2v_inst|DATAR_Buf[4]  ; DSDRIGHT ; DSM_1bit:DSM|I2S_PCM_Converter:b2v_inst|WCLK_O ; I2S_BCKorDSDCLK ; 20.361       ; -1.308     ; 5.556      ;
; 8.511 ; DSM_1bit:DSM|I2S_PCM_Converter:b2v_inst|DATAL_Buf[7]  ; DSDLEFT  ; DSM_1bit:DSM|I2S_PCM_Converter:b2v_inst|WCLK_O ; I2S_BCKorDSDCLK ; 20.361       ; -1.330     ; 5.520      ;
; 8.541 ; DSM_1bit:DSM|I2S_PCM_Converter:b2v_inst|DATAR_Buf[7]  ; DSDRIGHT ; DSM_1bit:DSM|I2S_PCM_Converter:b2v_inst|WCLK_O ; I2S_BCKorDSDCLK ; 20.361       ; -1.308     ; 5.512      ;
; 8.555 ; DSM_1bit:DSM|I2S_PCM_Converter:b2v_inst|DATAL_Buf[6]  ; DSDLEFT  ; DSM_1bit:DSM|I2S_PCM_Converter:b2v_inst|WCLK_O ; I2S_BCKorDSDCLK ; 20.361       ; -1.330     ; 5.476      ;
; 8.579 ; DSM_1bit:DSM|I2S_PCM_Converter:b2v_inst|DATAR_Buf[6]  ; DSDRIGHT ; DSM_1bit:DSM|I2S_PCM_Converter:b2v_inst|WCLK_O ; I2S_BCKorDSDCLK ; 20.361       ; -1.308     ; 5.474      ;
; 8.583 ; DSM_1bit:DSM|I2S_PCM_Converter:b2v_inst|DATAR_Buf[22] ; DSDRIGHT ; DSM_1bit:DSM|I2S_PCM_Converter:b2v_inst|WCLK_O ; I2S_BCKorDSDCLK ; 20.361       ; -1.310     ; 5.468      ;
; 8.586 ; DSM_1bit:DSM|I2S_PCM_Converter:b2v_inst|DATAL_Buf[9]  ; DSDLEFT  ; DSM_1bit:DSM|I2S_PCM_Converter:b2v_inst|WCLK_O ; I2S_BCKorDSDCLK ; 20.361       ; -1.331     ; 5.444      ;
; 8.603 ; DSM_1bit:DSM|I2S_PCM_Converter:b2v_inst|DATAR_Buf[9]  ; DSDRIGHT ; DSM_1bit:DSM|I2S_PCM_Converter:b2v_inst|WCLK_O ; I2S_BCKorDSDCLK ; 20.361       ; -1.310     ; 5.448      ;
; 8.635 ; DSM_1bit:DSM|I2S_PCM_Converter:b2v_inst|DATAL_Buf[8]  ; DSDLEFT  ; DSM_1bit:DSM|I2S_PCM_Converter:b2v_inst|WCLK_O ; I2S_BCKorDSDCLK ; 20.361       ; -1.331     ; 5.395      ;
; 8.646 ; DSM_1bit:DSM|I2S_PCM_Converter:b2v_inst|DATAR_Buf[8]  ; DSDRIGHT ; DSM_1bit:DSM|I2S_PCM_Converter:b2v_inst|WCLK_O ; I2S_BCKorDSDCLK ; 20.361       ; -1.310     ; 5.405      ;
; 8.657 ; DSM_1bit:DSM|I2S_PCM_Converter:b2v_inst|DATAL_Buf[11] ; DSDLEFT  ; DSM_1bit:DSM|I2S_PCM_Converter:b2v_inst|WCLK_O ; I2S_BCKorDSDCLK ; 20.361       ; -1.331     ; 5.373      ;
; 8.674 ; DSM_1bit:DSM|I2S_PCM_Converter:b2v_inst|DATAR_Buf[11] ; DSDRIGHT ; DSM_1bit:DSM|I2S_PCM_Converter:b2v_inst|WCLK_O ; I2S_BCKorDSDCLK ; 20.361       ; -1.310     ; 5.377      ;
; 8.702 ; DSM_1bit:DSM|I2S_PCM_Converter:b2v_inst|DATAL_Buf[10] ; DSDLEFT  ; DSM_1bit:DSM|I2S_PCM_Converter:b2v_inst|WCLK_O ; I2S_BCKorDSDCLK ; 20.361       ; -1.331     ; 5.328      ;
; 8.713 ; DSM_1bit:DSM|I2S_PCM_Converter:b2v_inst|DATAR_Buf[10] ; DSDRIGHT ; DSM_1bit:DSM|I2S_PCM_Converter:b2v_inst|WCLK_O ; I2S_BCKorDSDCLK ; 20.361       ; -1.310     ; 5.338      ;
; 8.725 ; DSM_1bit:DSM|I2S_PCM_Converter:b2v_inst|DATAL_Buf[13] ; DSDLEFT  ; DSM_1bit:DSM|I2S_PCM_Converter:b2v_inst|WCLK_O ; I2S_BCKorDSDCLK ; 20.361       ; -1.331     ; 5.305      ;
; 8.742 ; DSM_1bit:DSM|I2S_PCM_Converter:b2v_inst|DATAR_Buf[13] ; DSDRIGHT ; DSM_1bit:DSM|I2S_PCM_Converter:b2v_inst|WCLK_O ; I2S_BCKorDSDCLK ; 20.361       ; -1.310     ; 5.309      ;
; 8.770 ; DSM_1bit:DSM|I2S_PCM_Converter:b2v_inst|DATAL_Buf[12] ; DSDLEFT  ; DSM_1bit:DSM|I2S_PCM_Converter:b2v_inst|WCLK_O ; I2S_BCKorDSDCLK ; 20.361       ; -1.331     ; 5.260      ;
; 8.781 ; DSM_1bit:DSM|I2S_PCM_Converter:b2v_inst|DATAR_Buf[12] ; DSDRIGHT ; DSM_1bit:DSM|I2S_PCM_Converter:b2v_inst|WCLK_O ; I2S_BCKorDSDCLK ; 20.361       ; -1.310     ; 5.270      ;
; 8.787 ; DSM_1bit:DSM|DSM_SIGMA:b2v_inst4|DATA_Latch_neg[1]    ; DSDRIGHT ; I2S_BCKorDSDCLK                                ; I2S_BCKorDSDCLK ; 20.361       ; -1.514     ; 5.060      ;
; 8.789 ; DSM_1bit:DSM|I2S_PCM_Converter:b2v_inst|DATAL_Buf[15] ; DSDLEFT  ; DSM_1bit:DSM|I2S_PCM_Converter:b2v_inst|WCLK_O ; I2S_BCKorDSDCLK ; 20.361       ; -1.331     ; 5.241      ;
; 8.795 ; DSM_1bit:DSM|DSM_SIGMA:b2v_inst4|DATA_Latch_neg[0]    ; DSDRIGHT ; I2S_BCKorDSDCLK                                ; I2S_BCKorDSDCLK ; 20.361       ; -1.514     ; 5.052      ;
; 8.806 ; DSM_1bit:DSM|I2S_PCM_Converter:b2v_inst|DATAR_Buf[15] ; DSDRIGHT ; DSM_1bit:DSM|I2S_PCM_Converter:b2v_inst|WCLK_O ; I2S_BCKorDSDCLK ; 20.361       ; -1.310     ; 5.245      ;
; 8.822 ; DSM_1bit:DSM|DSM_SIGMA:b2v_inst1|DATA_Latch_neg[1]    ; DSDLEFT  ; I2S_BCKorDSDCLK                                ; I2S_BCKorDSDCLK ; 20.361       ; -1.536     ; 5.003      ;
; 8.839 ; DSM_1bit:DSM|I2S_PCM_Converter:b2v_inst|DATAL_Buf[14] ; DSDLEFT  ; DSM_1bit:DSM|I2S_PCM_Converter:b2v_inst|WCLK_O ; I2S_BCKorDSDCLK ; 20.361       ; -1.331     ; 5.191      ;
; 8.849 ; DSM_1bit:DSM|I2S_PCM_Converter:b2v_inst|DATAR_Buf[14] ; DSDRIGHT ; DSM_1bit:DSM|I2S_PCM_Converter:b2v_inst|WCLK_O ; I2S_BCKorDSDCLK ; 20.361       ; -1.310     ; 5.202      ;
; 8.858 ; DSM_1bit:DSM|I2S_PCM_Converter:b2v_inst|DATAL_Buf[17] ; DSDLEFT  ; DSM_1bit:DSM|I2S_PCM_Converter:b2v_inst|WCLK_O ; I2S_BCKorDSDCLK ; 20.361       ; -1.331     ; 5.172      ;
; 8.860 ; DSM_1bit:DSM|I2S_PCM_Converter:b2v_inst|DATAR_Buf[20] ; DSDRIGHT ; DSM_1bit:DSM|I2S_PCM_Converter:b2v_inst|WCLK_O ; I2S_BCKorDSDCLK ; 20.361       ; -1.310     ; 5.191      ;
; 8.875 ; DSM_1bit:DSM|I2S_PCM_Converter:b2v_inst|DATAR_Buf[17] ; DSDRIGHT ; DSM_1bit:DSM|I2S_PCM_Converter:b2v_inst|WCLK_O ; I2S_BCKorDSDCLK ; 20.361       ; -1.310     ; 5.176      ;
; 8.885 ; DSM_1bit:DSM|DSM_SIGMA:b2v_inst1|DATA_Latch_neg[3]    ; DSDLEFT  ; I2S_BCKorDSDCLK                                ; I2S_BCKorDSDCLK ; 20.361       ; -1.536     ; 4.940      ;
; 8.886 ; DSM_1bit:DSM|DSM_SIGMA:b2v_inst1|DATA_Latch_neg[0]    ; DSDLEFT  ; I2S_BCKorDSDCLK                                ; I2S_BCKorDSDCLK ; 20.361       ; -1.536     ; 4.939      ;
; 8.905 ; DSM_1bit:DSM|I2S_PCM_Converter:b2v_inst|DATAL_Buf[16] ; DSDLEFT  ; DSM_1bit:DSM|I2S_PCM_Converter:b2v_inst|WCLK_O ; I2S_BCKorDSDCLK ; 20.361       ; -1.331     ; 5.125      ;
; 8.917 ; DSM_1bit:DSM|I2S_PCM_Converter:b2v_inst|DATAR_Buf[16] ; DSDRIGHT ; DSM_1bit:DSM|I2S_PCM_Converter:b2v_inst|WCLK_O ; I2S_BCKorDSDCLK ; 20.361       ; -1.310     ; 5.134      ;
; 8.930 ; DSM_1bit:DSM|I2S_PCM_Converter:b2v_inst|DATAL_Buf[19] ; DSDLEFT  ; DSM_1bit:DSM|I2S_PCM_Converter:b2v_inst|WCLK_O ; I2S_BCKorDSDCLK ; 20.361       ; -1.331     ; 5.100      ;
; 8.932 ; DSM_1bit:DSM|DSM_SIGMA:b2v_inst1|DATA_Latch_neg[4]    ; DSDLEFT  ; I2S_BCKorDSDCLK                                ; I2S_BCKorDSDCLK ; 20.361       ; -1.536     ; 4.893      ;
; 8.943 ; DSM_1bit:DSM|DSM_SIGMA:b2v_inst1|DATA_Latch_neg[19]   ; DSDLEFT  ; I2S_BCKorDSDCLK                                ; I2S_BCKorDSDCLK ; 20.361       ; -1.544     ; 4.874      ;
; 8.947 ; DSM_1bit:DSM|I2S_PCM_Converter:b2v_inst|DATAR_Buf[19] ; DSDRIGHT ; DSM_1bit:DSM|I2S_PCM_Converter:b2v_inst|WCLK_O ; I2S_BCKorDSDCLK ; 20.361       ; -1.310     ; 5.104      ;
; 8.953 ; DSM_1bit:DSM|DSM_SIGMA:b2v_inst1|DATA_Latch_neg[2]    ; DSDLEFT  ; I2S_BCKorDSDCLK                                ; I2S_BCKorDSDCLK ; 20.361       ; -1.536     ; 4.872      ;
; 8.965 ; DSM_1bit:DSM|I2S_PCM_Converter:b2v_inst|DATAL_Buf[20] ; DSDLEFT  ; DSM_1bit:DSM|I2S_PCM_Converter:b2v_inst|WCLK_O ; I2S_BCKorDSDCLK ; 20.361       ; -1.331     ; 5.065      ;
; 8.974 ; DSM_1bit:DSM|I2S_PCM_Converter:b2v_inst|DATAL_Buf[18] ; DSDLEFT  ; DSM_1bit:DSM|I2S_PCM_Converter:b2v_inst|WCLK_O ; I2S_BCKorDSDCLK ; 20.361       ; -1.331     ; 5.056      ;
; 8.980 ; DSM_1bit:DSM|DSM_SIGMA:b2v_inst4|DATA_Latch_neg[2]    ; DSDRIGHT ; I2S_BCKorDSDCLK                                ; I2S_BCKorDSDCLK ; 20.361       ; -1.514     ; 4.867      ;
; 8.981 ; DSM_1bit:DSM|DSM_SIGMA:b2v_inst4|DATA_Latch_neg[4]    ; DSDRIGHT ; I2S_BCKorDSDCLK                                ; I2S_BCKorDSDCLK ; 20.361       ; -1.514     ; 4.866      ;
; 8.983 ; I2S_BCKorDSDCLK                                       ; DSDCLK   ; I2S_BCKorDSDCLK                                ; I2S_BCKorDSDCLK ; 20.361       ; 0.000      ; 6.378      ;
; 8.984 ; DSM_1bit:DSM|I2S_PCM_Converter:b2v_inst|DATAR_Buf[18] ; DSDRIGHT ; DSM_1bit:DSM|I2S_PCM_Converter:b2v_inst|WCLK_O ; I2S_BCKorDSDCLK ; 20.361       ; -1.310     ; 5.067      ;
; 8.991 ; DSM_1bit:DSM|DSM_SIGMA:b2v_inst4|DATA_Latch_neg[3]    ; DSDRIGHT ; I2S_BCKorDSDCLK                                ; I2S_BCKorDSDCLK ; 20.361       ; -1.514     ; 4.856      ;
; 8.997 ; DSM_1bit:DSM|I2S_PCM_Converter:b2v_inst|DATAL_Buf[21] ; DSDLEFT  ; DSM_1bit:DSM|I2S_PCM_Converter:b2v_inst|WCLK_O ; I2S_BCKorDSDCLK ; 20.361       ; -1.331     ; 5.033      ;
; 9.014 ; DSM_1bit:DSM|I2S_PCM_Converter:b2v_inst|DATAR_Buf[21] ; DSDRIGHT ; DSM_1bit:DSM|I2S_PCM_Converter:b2v_inst|WCLK_O ; I2S_BCKorDSDCLK ; 20.361       ; -1.310     ; 5.037      ;
; 9.028 ; DSM_1bit:DSM|DSM_SIGMA:b2v_inst1|DATA_Latch_neg[5]    ; DSDLEFT  ; I2S_BCKorDSDCLK                                ; I2S_BCKorDSDCLK ; 20.361       ; -1.536     ; 4.797      ;
; 9.033 ; DSM_1bit:DSM|I2S_PCM_Converter:b2v_inst|DATAL_Buf[22] ; DSDLEFT  ; DSM_1bit:DSM|I2S_PCM_Converter:b2v_inst|WCLK_O ; I2S_BCKorDSDCLK ; 20.361       ; -1.331     ; 4.997      ;
; 9.034 ; DSM_1bit:DSM|DSM_SIGMA:b2v_inst4|DATA_Latch_neg[9]    ; DSDRIGHT ; I2S_BCKorDSDCLK                                ; I2S_BCKorDSDCLK ; 20.361       ; -1.536     ; 4.791      ;
; 9.044 ; DSM_1bit:DSM|DSM_SIGMA:b2v_inst1|DATA_Latch_neg[11]   ; DSDLEFT  ; I2S_BCKorDSDCLK                                ; I2S_BCKorDSDCLK ; 20.361       ; -1.544     ; 4.773      ;
; 9.059 ; DSM_1bit:DSM|DSM_SIGMA:b2v_inst4|DATA_Latch_neg[5]    ; DSDRIGHT ; I2S_BCKorDSDCLK                                ; I2S_BCKorDSDCLK ; 20.361       ; -1.514     ; 4.788      ;
; 9.060 ; DSM_1bit:DSM|DSM_SIGMA:b2v_inst1|DATA_Latch_neg[9]    ; DSDLEFT  ; I2S_BCKorDSDCLK                                ; I2S_BCKorDSDCLK ; 20.361       ; -1.544     ; 4.757      ;
; 9.066 ; DSM_1bit:DSM|I2S_PCM_Converter:b2v_inst|DATAL_Buf[23] ; DSDLEFT  ; DSM_1bit:DSM|I2S_PCM_Converter:b2v_inst|WCLK_O ; I2S_BCKorDSDCLK ; 20.361       ; -1.331     ; 4.964      ;
; 9.083 ; DSM_1bit:DSM|I2S_PCM_Converter:b2v_inst|DATAR_Buf[23] ; DSDRIGHT ; DSM_1bit:DSM|I2S_PCM_Converter:b2v_inst|WCLK_O ; I2S_BCKorDSDCLK ; 20.361       ; -1.310     ; 4.968      ;
; 9.085 ; DSM_1bit:DSM|DSM_SIGMA:b2v_inst4|DATA_Latch_neg[11]   ; DSDRIGHT ; I2S_BCKorDSDCLK                                ; I2S_BCKorDSDCLK ; 20.361       ; -1.536     ; 4.740      ;
; 9.087 ; DSM_1bit:DSM|DSM_SIGMA:b2v_inst1|DATA_Latch_neg[6]    ; DSDLEFT  ; I2S_BCKorDSDCLK                                ; I2S_BCKorDSDCLK ; 20.361       ; -1.536     ; 4.738      ;
; 9.100 ; DSM_1bit:DSM|DSM_SIGMA:b2v_inst1|DATA_Latch_neg[7]    ; DSDLEFT  ; I2S_BCKorDSDCLK                                ; I2S_BCKorDSDCLK ; 20.361       ; -1.536     ; 4.725      ;
; 9.115 ; DSM_1bit:DSM|DSM_SIGMA:b2v_inst4|DATA_Latch_neg[10]   ; DSDRIGHT ; I2S_BCKorDSDCLK                                ; I2S_BCKorDSDCLK ; 20.361       ; -1.536     ; 4.710      ;
; 9.117 ; DSM_1bit:DSM|DSM_SIGMA:b2v_inst4|DATA_Latch_neg[6]    ; DSDRIGHT ; I2S_BCKorDSDCLK                                ; I2S_BCKorDSDCLK ; 20.361       ; -1.514     ; 4.730      ;
; 9.122 ; DSM_1bit:DSM|DSM_SIGMA:b2v_inst4|DATA_Latch_neg[7]    ; DSDRIGHT ; I2S_BCKorDSDCLK                                ; I2S_BCKorDSDCLK ; 20.361       ; -1.514     ; 4.725      ;
; 9.142 ; DSM_1bit:DSM|DSM_SIGMA:b2v_inst4|DATA_Latch_neg[14]   ; DSDRIGHT ; I2S_BCKorDSDCLK                                ; I2S_BCKorDSDCLK ; 20.361       ; -1.536     ; 4.683      ;
; 9.147 ; DSM_1bit:DSM|DSM_SIGMA:b2v_inst1|DATA_Latch_neg[10]   ; DSDLEFT  ; I2S_BCKorDSDCLK                                ; I2S_BCKorDSDCLK ; 20.361       ; -1.544     ; 4.670      ;
; 9.154 ; DSM_1bit:DSM|DSM_SIGMA:b2v_inst1|DATA_Latch_neg[8]    ; DSDLEFT  ; I2S_BCKorDSDCLK                                ; I2S_BCKorDSDCLK ; 20.361       ; -1.536     ; 4.671      ;
; 9.168 ; DSM_1bit:DSM|DSM_SIGMA:b2v_inst4|DATA_Latch_neg[12]   ; DSDRIGHT ; I2S_BCKorDSDCLK                                ; I2S_BCKorDSDCLK ; 20.361       ; -1.536     ; 4.657      ;
; 9.173 ; DSM_1bit:DSM|DSM_SIGMA:b2v_inst4|DATA_Latch_neg[13]   ; DSDRIGHT ; I2S_BCKorDSDCLK                                ; I2S_BCKorDSDCLK ; 20.361       ; -1.536     ; 4.652      ;
; 9.183 ; DSM_1bit:DSM|DSM_SIGMA:b2v_inst4|DATA_Latch_neg[8]    ; DSDRIGHT ; I2S_BCKorDSDCLK                                ; I2S_BCKorDSDCLK ; 20.361       ; -1.514     ; 4.664      ;
; 9.198 ; DSM_1bit:DSM|DSM_SIGMA:b2v_inst1|DATA_Latch_neg[13]   ; DSDLEFT  ; I2S_BCKorDSDCLK                                ; I2S_BCKorDSDCLK ; 20.361       ; -1.544     ; 4.619      ;
; 9.200 ; DSM_1bit:DSM|DSM_SIGMA:b2v_inst1|DATA_Latch_neg[12]   ; DSDLEFT  ; I2S_BCKorDSDCLK                                ; I2S_BCKorDSDCLK ; 20.361       ; -1.544     ; 4.617      ;
; 9.229 ; DSM_1bit:DSM|DSM_SIGMA:b2v_inst4|DATA_Latch_neg[15]   ; DSDRIGHT ; I2S_BCKorDSDCLK                                ; I2S_BCKorDSDCLK ; 20.361       ; -1.536     ; 4.596      ;
; 9.240 ; DSM_1bit:DSM|I2S_PCM_Converter:b2v_inst|DATAL_Buf[25] ; DSDLEFT  ; DSM_1bit:DSM|I2S_PCM_Converter:b2v_inst|WCLK_O ; I2S_BCKorDSDCLK ; 20.361       ; -1.333     ; 4.788      ;
; 9.264 ; DSM_1bit:DSM|I2S_PCM_Converter:b2v_inst|DATAR_Buf[25] ; DSDRIGHT ; DSM_1bit:DSM|I2S_PCM_Converter:b2v_inst|WCLK_O ; I2S_BCKorDSDCLK ; 20.361       ; -1.312     ; 4.785      ;
; 9.266 ; DSM_1bit:DSM|DSM_SIGMA:b2v_inst1|DATA_Latch_neg[14]   ; DSDLEFT  ; I2S_BCKorDSDCLK                                ; I2S_BCKorDSDCLK ; 20.361       ; -1.544     ; 4.551      ;
; 9.266 ; DSM_1bit:DSM|DSM_SIGMA:b2v_inst1|DATA_Latch_neg[15]   ; DSDLEFT  ; I2S_BCKorDSDCLK                                ; I2S_BCKorDSDCLK ; 20.361       ; -1.544     ; 4.551      ;
; 9.285 ; DSM_1bit:DSM|I2S_PCM_Converter:b2v_inst|DATAL_Buf[24] ; DSDLEFT  ; DSM_1bit:DSM|I2S_PCM_Converter:b2v_inst|WCLK_O ; I2S_BCKorDSDCLK ; 20.361       ; -1.333     ; 4.743      ;
; 9.294 ; DSM_1bit:DSM|DSM_SIGMA:b2v_inst4|DATA_Latch_neg[17]   ; DSDRIGHT ; I2S_BCKorDSDCLK                                ; I2S_BCKorDSDCLK ; 20.361       ; -1.536     ; 4.531      ;
; 9.300 ; DSM_1bit:DSM|I2S_PCM_Converter:b2v_inst|DATAR_Buf[24] ; DSDRIGHT ; DSM_1bit:DSM|I2S_PCM_Converter:b2v_inst|WCLK_O ; I2S_BCKorDSDCLK ; 20.361       ; -1.312     ; 4.749      ;
; 9.302 ; DSM_1bit:DSM|DSM_SIGMA:b2v_inst4|DATA_Latch_neg[16]   ; DSDRIGHT ; I2S_BCKorDSDCLK                                ; I2S_BCKorDSDCLK ; 20.361       ; -1.536     ; 4.523      ;
; 9.311 ; DSM_1bit:DSM|I2S_PCM_Converter:b2v_inst|DATAL_Buf[27] ; DSDLEFT  ; DSM_1bit:DSM|I2S_PCM_Converter:b2v_inst|WCLK_O ; I2S_BCKorDSDCLK ; 20.361       ; -1.333     ; 4.717      ;
; 9.337 ; DSM_1bit:DSM|I2S_PCM_Converter:b2v_inst|DATAR_Buf[27] ; DSDRIGHT ; DSM_1bit:DSM|I2S_PCM_Converter:b2v_inst|WCLK_O ; I2S_BCKorDSDCLK ; 20.361       ; -1.312     ; 4.712      ;
; 9.346 ; DSM_1bit:DSM|DSM_SIGMA:b2v_inst4|DATA_Latch_neg[20]   ; DSDRIGHT ; I2S_BCKorDSDCLK                                ; I2S_BCKorDSDCLK ; 20.361       ; -1.536     ; 4.479      ;
; 9.346 ; DSM_1bit:DSM|I2S_PCM_Converter:b2v_inst|DATAL_Buf[28] ; DSDLEFT  ; DSM_1bit:DSM|I2S_PCM_Converter:b2v_inst|WCLK_O ; I2S_BCKorDSDCLK ; 20.361       ; -1.333     ; 4.682      ;
; 9.349 ; DSM_1bit:DSM|DSM_SIGMA:b2v_inst1|DATA_Latch_neg[16]   ; DSDLEFT  ; I2S_BCKorDSDCLK                                ; I2S_BCKorDSDCLK ; 20.361       ; -1.544     ; 4.468      ;
; 9.352 ; DSM_1bit:DSM|DSM_SIGMA:b2v_inst1|DATA_Latch_neg[17]   ; DSDLEFT  ; I2S_BCKorDSDCLK                                ; I2S_BCKorDSDCLK ; 20.361       ; -1.544     ; 4.465      ;
; 9.352 ; DSM_1bit:DSM|I2S_PCM_Converter:b2v_inst|DATAL_Buf[26] ; DSDLEFT  ; DSM_1bit:DSM|I2S_PCM_Converter:b2v_inst|WCLK_O ; I2S_BCKorDSDCLK ; 20.361       ; -1.333     ; 4.676      ;
; 9.367 ; DSM_1bit:DSM|I2S_PCM_Converter:b2v_inst|DATAR_Buf[26] ; DSDRIGHT ; DSM_1bit:DSM|I2S_PCM_Converter:b2v_inst|WCLK_O ; I2S_BCKorDSDCLK ; 20.361       ; -1.312     ; 4.682      ;
; 9.374 ; DSM_1bit:DSM|DSM_SIGMA:b2v_inst4|DATA_Latch_neg[19]   ; DSDRIGHT ; I2S_BCKorDSDCLK                                ; I2S_BCKorDSDCLK ; 20.361       ; -1.536     ; 4.451      ;
; 9.379 ; DSM_1bit:DSM|I2S_PCM_Converter:b2v_inst|DATAL_Buf[29] ; DSDLEFT  ; DSM_1bit:DSM|I2S_PCM_Converter:b2v_inst|WCLK_O ; I2S_BCKorDSDCLK ; 20.361       ; -1.333     ; 4.649      ;
+-------+-------------------------------------------------------+----------+------------------------------------------------+-----------------+--------------+------------+------------+


+--------------------------------------------------------------------------------------------------------------------------------------------------------------------------------------------------------------------------------------+
; Fast 1200mV 0C Model Setup: 'DSM_1bit:DSM|I2S_PCM_Converter:b2v_inst|WCLK_O'                                                                                                                                                         ;
+--------+---------------------------------------------------------+-------------------------------------------------------+-----------------+------------------------------------------------+--------------+------------+------------+
; Slack  ; From Node                                               ; To Node                                               ; Launch Clock    ; Latch Clock                                    ; Relationship ; Clock Skew ; Data Delay ;
+--------+---------------------------------------------------------+-------------------------------------------------------+-----------------+------------------------------------------------+--------------+------------+------------+
; 13.712 ; I2S_RST                                                 ; DSM_1bit:DSM|I2S_PCM_Converter:b2v_inst|DATAL_Buf[19] ; I2S_BCKorDSDCLK ; DSM_1bit:DSM|I2S_PCM_Converter:b2v_inst|WCLK_O ; 20.361       ; 1.266      ; 2.922      ;
; 13.731 ; I2S_RST                                                 ; DSM_1bit:DSM|I2S_PCM_Converter:b2v_inst|DATAL_Buf[31] ; I2S_BCKorDSDCLK ; DSM_1bit:DSM|I2S_PCM_Converter:b2v_inst|WCLK_O ; 20.361       ; 1.268      ; 2.905      ;
; 13.784 ; I2S_RST                                                 ; DSM_1bit:DSM|I2S_PCM_Converter:b2v_inst|DATAL_Buf[0]  ; I2S_BCKorDSDCLK ; DSM_1bit:DSM|I2S_PCM_Converter:b2v_inst|WCLK_O ; 20.361       ; 1.265      ; 2.849      ;
; 13.863 ; I2S_RST                                                 ; DSM_1bit:DSM|I2S_PCM_Converter:b2v_inst|DATAL_Buf[9]  ; I2S_BCKorDSDCLK ; DSM_1bit:DSM|I2S_PCM_Converter:b2v_inst|WCLK_O ; 20.361       ; 1.266      ; 2.771      ;
; 13.915 ; I2S_RST                                                 ; DSM_1bit:DSM|I2S_PCM_Converter:b2v_inst|DATAL_Buf[16] ; I2S_BCKorDSDCLK ; DSM_1bit:DSM|I2S_PCM_Converter:b2v_inst|WCLK_O ; 20.361       ; 1.266      ; 2.719      ;
; 13.916 ; I2S_RST                                                 ; DSM_1bit:DSM|I2S_PCM_Converter:b2v_inst|DATAL_Buf[12] ; I2S_BCKorDSDCLK ; DSM_1bit:DSM|I2S_PCM_Converter:b2v_inst|WCLK_O ; 20.361       ; 1.266      ; 2.718      ;
; 13.920 ; I2S_RST                                                 ; DSM_1bit:DSM|I2S_PCM_Converter:b2v_inst|DATAL_Buf[14] ; I2S_BCKorDSDCLK ; DSM_1bit:DSM|I2S_PCM_Converter:b2v_inst|WCLK_O ; 20.361       ; 1.266      ; 2.714      ;
; 14.016 ; I2S_RST                                                 ; DSM_1bit:DSM|I2S_PCM_Converter:b2v_inst|DATAR_Buf[31] ; I2S_BCKorDSDCLK ; DSM_1bit:DSM|I2S_PCM_Converter:b2v_inst|WCLK_O ; 20.361       ; 1.248      ; 2.600      ;
; 14.071 ; I2S_RST                                                 ; DSM_1bit:DSM|I2S_PCM_Converter:b2v_inst|DATAL_Buf[8]  ; I2S_BCKorDSDCLK ; DSM_1bit:DSM|I2S_PCM_Converter:b2v_inst|WCLK_O ; 20.361       ; 1.266      ; 2.563      ;
; 14.073 ; I2S_RST                                                 ; DSM_1bit:DSM|I2S_PCM_Converter:b2v_inst|DATAL_Buf[10] ; I2S_BCKorDSDCLK ; DSM_1bit:DSM|I2S_PCM_Converter:b2v_inst|WCLK_O ; 20.361       ; 1.266      ; 2.561      ;
; 14.080 ; I2S_RST                                                 ; DSM_1bit:DSM|I2S_PCM_Converter:b2v_inst|DATAR_Buf[20] ; I2S_BCKorDSDCLK ; DSM_1bit:DSM|I2S_PCM_Converter:b2v_inst|WCLK_O ; 20.361       ; 1.246      ; 2.534      ;
; 14.087 ; I2S_RST                                                 ; DSM_1bit:DSM|I2S_PCM_Converter:b2v_inst|DATAR_Buf[19] ; I2S_BCKorDSDCLK ; DSM_1bit:DSM|I2S_PCM_Converter:b2v_inst|WCLK_O ; 20.361       ; 1.246      ; 2.527      ;
; 14.159 ; I2S_RST                                                 ; DSM_1bit:DSM|I2S_PCM_Converter:b2v_inst|DATAL_Buf[4]  ; I2S_BCKorDSDCLK ; DSM_1bit:DSM|I2S_PCM_Converter:b2v_inst|WCLK_O ; 20.361       ; 1.265      ; 2.474      ;
; 14.180 ; I2S_RST                                                 ; DSM_1bit:DSM|I2S_PCM_Converter:b2v_inst|DATAR_Buf[18] ; I2S_BCKorDSDCLK ; DSM_1bit:DSM|I2S_PCM_Converter:b2v_inst|WCLK_O ; 20.361       ; 1.246      ; 2.434      ;
; 14.212 ; I2S_RST                                                 ; DSM_1bit:DSM|I2S_PCM_Converter:b2v_inst|DATAL_Buf[13] ; I2S_BCKorDSDCLK ; DSM_1bit:DSM|I2S_PCM_Converter:b2v_inst|WCLK_O ; 20.361       ; 1.266      ; 2.422      ;
; 14.221 ; I2S_RST                                                 ; DSM_1bit:DSM|I2S_PCM_Converter:b2v_inst|DATAL_Buf[18] ; I2S_BCKorDSDCLK ; DSM_1bit:DSM|I2S_PCM_Converter:b2v_inst|WCLK_O ; 20.361       ; 1.266      ; 2.413      ;
; 14.225 ; I2S_RST                                                 ; DSM_1bit:DSM|I2S_PCM_Converter:b2v_inst|DATAL_Buf[2]  ; I2S_BCKorDSDCLK ; DSM_1bit:DSM|I2S_PCM_Converter:b2v_inst|WCLK_O ; 20.361       ; 1.265      ; 2.408      ;
; 14.233 ; I2S_RST                                                 ; DSM_1bit:DSM|I2S_PCM_Converter:b2v_inst|DATAL_Buf[11] ; I2S_BCKorDSDCLK ; DSM_1bit:DSM|I2S_PCM_Converter:b2v_inst|WCLK_O ; 20.361       ; 1.266      ; 2.401      ;
; 14.242 ; I2S_RST                                                 ; DSM_1bit:DSM|I2S_PCM_Converter:b2v_inst|DATAR_Buf[14] ; I2S_BCKorDSDCLK ; DSM_1bit:DSM|I2S_PCM_Converter:b2v_inst|WCLK_O ; 20.361       ; 1.246      ; 2.372      ;
; 14.245 ; I2S_RST                                                 ; DSM_1bit:DSM|I2S_PCM_Converter:b2v_inst|DATAL_Buf[5]  ; I2S_BCKorDSDCLK ; DSM_1bit:DSM|I2S_PCM_Converter:b2v_inst|WCLK_O ; 20.361       ; 1.265      ; 2.388      ;
; 14.245 ; I2S_RST                                                 ; DSM_1bit:DSM|I2S_PCM_Converter:b2v_inst|DATAL_Buf[7]  ; I2S_BCKorDSDCLK ; DSM_1bit:DSM|I2S_PCM_Converter:b2v_inst|WCLK_O ; 20.361       ; 1.265      ; 2.388      ;
; 14.245 ; I2S_RST                                                 ; DSM_1bit:DSM|I2S_PCM_Converter:b2v_inst|DATAL_Buf[17] ; I2S_BCKorDSDCLK ; DSM_1bit:DSM|I2S_PCM_Converter:b2v_inst|WCLK_O ; 20.361       ; 1.266      ; 2.389      ;
; 14.249 ; I2S_RST                                                 ; DSM_1bit:DSM|I2S_PCM_Converter:b2v_inst|DATAL_Buf[6]  ; I2S_BCKorDSDCLK ; DSM_1bit:DSM|I2S_PCM_Converter:b2v_inst|WCLK_O ; 20.361       ; 1.265      ; 2.384      ;
; 14.272 ; I2S_RST                                                 ; DSM_1bit:DSM|I2S_PCM_Converter:b2v_inst|DATAR_Buf[17] ; I2S_BCKorDSDCLK ; DSM_1bit:DSM|I2S_PCM_Converter:b2v_inst|WCLK_O ; 20.361       ; 1.246      ; 2.342      ;
; 14.289 ; I2S_RST                                                 ; DSM_1bit:DSM|I2S_PCM_Converter:b2v_inst|DATAL_Buf[21] ; I2S_BCKorDSDCLK ; DSM_1bit:DSM|I2S_PCM_Converter:b2v_inst|WCLK_O ; 20.361       ; 1.266      ; 2.345      ;
; 14.296 ; I2S_RST                                                 ; DSM_1bit:DSM|I2S_PCM_Converter:b2v_inst|DATAL_Buf[3]  ; I2S_BCKorDSDCLK ; DSM_1bit:DSM|I2S_PCM_Converter:b2v_inst|WCLK_O ; 20.361       ; 1.265      ; 2.337      ;
; 14.298 ; I2S_RST                                                 ; DSM_1bit:DSM|I2S_PCM_Converter:b2v_inst|DATAL_Buf[1]  ; I2S_BCKorDSDCLK ; DSM_1bit:DSM|I2S_PCM_Converter:b2v_inst|WCLK_O ; 20.361       ; 1.265      ; 2.335      ;
; 14.342 ; I2S_RST                                                 ; DSM_1bit:DSM|I2S_PCM_Converter:b2v_inst|DATAL_Buf[15] ; I2S_BCKorDSDCLK ; DSM_1bit:DSM|I2S_PCM_Converter:b2v_inst|WCLK_O ; 20.361       ; 1.266      ; 2.292      ;
; 14.378 ; I2S_RST                                                 ; DSM_1bit:DSM|I2S_PCM_Converter:b2v_inst|DATAR_Buf[8]  ; I2S_BCKorDSDCLK ; DSM_1bit:DSM|I2S_PCM_Converter:b2v_inst|WCLK_O ; 20.361       ; 1.246      ; 2.236      ;
; 14.380 ; I2S_RST                                                 ; DSM_1bit:DSM|I2S_PCM_Converter:b2v_inst|DATAR_Buf[22] ; I2S_BCKorDSDCLK ; DSM_1bit:DSM|I2S_PCM_Converter:b2v_inst|WCLK_O ; 20.361       ; 1.246      ; 2.234      ;
; 14.472 ; I2S_RST                                                 ; DSM_1bit:DSM|I2S_PCM_Converter:b2v_inst|DATAR_Buf[7]  ; I2S_BCKorDSDCLK ; DSM_1bit:DSM|I2S_PCM_Converter:b2v_inst|WCLK_O ; 20.361       ; 1.244      ; 2.140      ;
; 14.482 ; I2S_RST                                                 ; DSM_1bit:DSM|I2S_PCM_Converter:b2v_inst|DATAR_Buf[16] ; I2S_BCKorDSDCLK ; DSM_1bit:DSM|I2S_PCM_Converter:b2v_inst|WCLK_O ; 20.361       ; 1.246      ; 2.132      ;
; 14.483 ; I2S_RST                                                 ; DSM_1bit:DSM|I2S_PCM_Converter:b2v_inst|DATAR_Buf[11] ; I2S_BCKorDSDCLK ; DSM_1bit:DSM|I2S_PCM_Converter:b2v_inst|WCLK_O ; 20.361       ; 1.246      ; 2.131      ;
; 14.486 ; I2S_RST                                                 ; DSM_1bit:DSM|I2S_PCM_Converter:b2v_inst|DATAR_Buf[10] ; I2S_BCKorDSDCLK ; DSM_1bit:DSM|I2S_PCM_Converter:b2v_inst|WCLK_O ; 20.361       ; 1.246      ; 2.128      ;
; 14.489 ; I2S_RST                                                 ; DSM_1bit:DSM|I2S_PCM_Converter:b2v_inst|DATAL_Buf[20] ; I2S_BCKorDSDCLK ; DSM_1bit:DSM|I2S_PCM_Converter:b2v_inst|WCLK_O ; 20.361       ; 1.266      ; 2.145      ;
; 14.490 ; I2S_RST                                                 ; DSM_1bit:DSM|I2S_PCM_Converter:b2v_inst|DATAR_Buf[15] ; I2S_BCKorDSDCLK ; DSM_1bit:DSM|I2S_PCM_Converter:b2v_inst|WCLK_O ; 20.361       ; 1.246      ; 2.124      ;
; 14.491 ; I2S_RST                                                 ; DSM_1bit:DSM|I2S_PCM_Converter:b2v_inst|DATAR_Buf[9]  ; I2S_BCKorDSDCLK ; DSM_1bit:DSM|I2S_PCM_Converter:b2v_inst|WCLK_O ; 20.361       ; 1.246      ; 2.123      ;
; 14.491 ; I2S_RST                                                 ; DSM_1bit:DSM|I2S_PCM_Converter:b2v_inst|DATAR_Buf[12] ; I2S_BCKorDSDCLK ; DSM_1bit:DSM|I2S_PCM_Converter:b2v_inst|WCLK_O ; 20.361       ; 1.246      ; 2.123      ;
; 14.491 ; I2S_RST                                                 ; DSM_1bit:DSM|I2S_PCM_Converter:b2v_inst|DATAR_Buf[13] ; I2S_BCKorDSDCLK ; DSM_1bit:DSM|I2S_PCM_Converter:b2v_inst|WCLK_O ; 20.361       ; 1.246      ; 2.123      ;
; 14.508 ; I2S_RST                                                 ; DSM_1bit:DSM|I2S_PCM_Converter:b2v_inst|DATAR_Buf[4]  ; I2S_BCKorDSDCLK ; DSM_1bit:DSM|I2S_PCM_Converter:b2v_inst|WCLK_O ; 20.361       ; 1.244      ; 2.104      ;
; 14.528 ; I2S_RST                                                 ; DSM_1bit:DSM|I2S_PCM_Converter:b2v_inst|DATAL_Buf[22] ; I2S_BCKorDSDCLK ; DSM_1bit:DSM|I2S_PCM_Converter:b2v_inst|WCLK_O ; 20.361       ; 1.266      ; 2.106      ;
; 14.543 ; I2S_RST                                                 ; DSM_1bit:DSM|I2S_PCM_Converter:b2v_inst|DATAR_Buf[0]  ; I2S_BCKorDSDCLK ; DSM_1bit:DSM|I2S_PCM_Converter:b2v_inst|WCLK_O ; 20.361       ; 1.244      ; 2.069      ;
; 14.544 ; I2S_RST                                                 ; DSM_1bit:DSM|I2S_PCM_Converter:b2v_inst|DATAL_Buf[23] ; I2S_BCKorDSDCLK ; DSM_1bit:DSM|I2S_PCM_Converter:b2v_inst|WCLK_O ; 20.361       ; 1.266      ; 2.090      ;
; 14.557 ; I2S_RST                                                 ; DSM_1bit:DSM|I2S_PCM_Converter:b2v_inst|DATAL_Buf[27] ; I2S_BCKorDSDCLK ; DSM_1bit:DSM|I2S_PCM_Converter:b2v_inst|WCLK_O ; 20.361       ; 1.268      ; 2.079      ;
; 14.562 ; I2S_RST                                                 ; DSM_1bit:DSM|I2S_PCM_Converter:b2v_inst|DATAL_Buf[25] ; I2S_BCKorDSDCLK ; DSM_1bit:DSM|I2S_PCM_Converter:b2v_inst|WCLK_O ; 20.361       ; 1.268      ; 2.074      ;
; 14.578 ; I2S_RST                                                 ; DSM_1bit:DSM|I2S_PCM_Converter:b2v_inst|DATAL_Buf[24] ; I2S_BCKorDSDCLK ; DSM_1bit:DSM|I2S_PCM_Converter:b2v_inst|WCLK_O ; 20.361       ; 1.268      ; 2.058      ;
; 14.579 ; I2S_RST                                                 ; DSM_1bit:DSM|I2S_PCM_Converter:b2v_inst|DATAL_Buf[29] ; I2S_BCKorDSDCLK ; DSM_1bit:DSM|I2S_PCM_Converter:b2v_inst|WCLK_O ; 20.361       ; 1.268      ; 2.057      ;
; 14.602 ; I2S_RST                                                 ; DSM_1bit:DSM|I2S_PCM_Converter:b2v_inst|DATAR_Buf[6]  ; I2S_BCKorDSDCLK ; DSM_1bit:DSM|I2S_PCM_Converter:b2v_inst|WCLK_O ; 20.361       ; 1.244      ; 2.010      ;
; 14.616 ; I2S_RST                                                 ; DSM_1bit:DSM|I2S_PCM_Converter:b2v_inst|DATAR_Buf[27] ; I2S_BCKorDSDCLK ; DSM_1bit:DSM|I2S_PCM_Converter:b2v_inst|WCLK_O ; 20.361       ; 1.248      ; 2.000      ;
; 14.645 ; I2S_RST                                                 ; DSM_1bit:DSM|I2S_PCM_Converter:b2v_inst|DATAL_Buf[28] ; I2S_BCKorDSDCLK ; DSM_1bit:DSM|I2S_PCM_Converter:b2v_inst|WCLK_O ; 20.361       ; 1.268      ; 1.991      ;
; 14.676 ; I2S_RST                                                 ; DSM_1bit:DSM|I2S_PCM_Converter:b2v_inst|DATAL_Buf[26] ; I2S_BCKorDSDCLK ; DSM_1bit:DSM|I2S_PCM_Converter:b2v_inst|WCLK_O ; 20.361       ; 1.268      ; 1.960      ;
; 14.691 ; I2S_RST                                                 ; DSM_1bit:DSM|I2S_PCM_Converter:b2v_inst|DATAR_Buf[21] ; I2S_BCKorDSDCLK ; DSM_1bit:DSM|I2S_PCM_Converter:b2v_inst|WCLK_O ; 20.361       ; 1.246      ; 1.923      ;
; 14.703 ; I2S_RST                                                 ; DSM_1bit:DSM|I2S_PCM_Converter:b2v_inst|DATAR_Buf[23] ; I2S_BCKorDSDCLK ; DSM_1bit:DSM|I2S_PCM_Converter:b2v_inst|WCLK_O ; 20.361       ; 1.246      ; 1.911      ;
; 14.723 ; I2S_RST                                                 ; DSM_1bit:DSM|I2S_PCM_Converter:b2v_inst|DATAR_Buf[5]  ; I2S_BCKorDSDCLK ; DSM_1bit:DSM|I2S_PCM_Converter:b2v_inst|WCLK_O ; 20.361       ; 1.244      ; 1.889      ;
; 14.724 ; I2S_RST                                                 ; DSM_1bit:DSM|I2S_PCM_Converter:b2v_inst|DATAR_Buf[1]  ; I2S_BCKorDSDCLK ; DSM_1bit:DSM|I2S_PCM_Converter:b2v_inst|WCLK_O ; 20.361       ; 1.244      ; 1.888      ;
; 14.729 ; I2S_RST                                                 ; DSM_1bit:DSM|I2S_PCM_Converter:b2v_inst|DATAR_Buf[3]  ; I2S_BCKorDSDCLK ; DSM_1bit:DSM|I2S_PCM_Converter:b2v_inst|WCLK_O ; 20.361       ; 1.244      ; 1.883      ;
; 14.730 ; I2S_RST                                                 ; DSM_1bit:DSM|I2S_PCM_Converter:b2v_inst|DATAR_Buf[30] ; I2S_BCKorDSDCLK ; DSM_1bit:DSM|I2S_PCM_Converter:b2v_inst|WCLK_O ; 20.361       ; 1.248      ; 1.886      ;
; 14.740 ; I2S_RST                                                 ; DSM_1bit:DSM|I2S_PCM_Converter:b2v_inst|DATAR_Buf[24] ; I2S_BCKorDSDCLK ; DSM_1bit:DSM|I2S_PCM_Converter:b2v_inst|WCLK_O ; 20.361       ; 1.248      ; 1.876      ;
; 14.754 ; I2S_RST                                                 ; DSM_1bit:DSM|I2S_PCM_Converter:b2v_inst|DATAR_Buf[28] ; I2S_BCKorDSDCLK ; DSM_1bit:DSM|I2S_PCM_Converter:b2v_inst|WCLK_O ; 20.361       ; 1.248      ; 1.862      ;
; 14.772 ; I2S_RST                                                 ; DSM_1bit:DSM|I2S_PCM_Converter:b2v_inst|DATAL_Buf[30] ; I2S_BCKorDSDCLK ; DSM_1bit:DSM|I2S_PCM_Converter:b2v_inst|WCLK_O ; 20.361       ; 1.268      ; 1.864      ;
; 14.774 ; I2S_RST                                                 ; DSM_1bit:DSM|I2S_PCM_Converter:b2v_inst|DATAR_Buf[25] ; I2S_BCKorDSDCLK ; DSM_1bit:DSM|I2S_PCM_Converter:b2v_inst|WCLK_O ; 20.361       ; 1.248      ; 1.842      ;
; 14.797 ; I2S_RST                                                 ; DSM_1bit:DSM|I2S_PCM_Converter:b2v_inst|DATAR_Buf[2]  ; I2S_BCKorDSDCLK ; DSM_1bit:DSM|I2S_PCM_Converter:b2v_inst|WCLK_O ; 20.361       ; 1.244      ; 1.815      ;
; 14.860 ; I2S_RST                                                 ; DSM_1bit:DSM|I2S_PCM_Converter:b2v_inst|DATAR_Buf[26] ; I2S_BCKorDSDCLK ; DSM_1bit:DSM|I2S_PCM_Converter:b2v_inst|WCLK_O ; 20.361       ; 1.248      ; 1.756      ;
; 14.880 ; I2S_RST                                                 ; DSM_1bit:DSM|I2S_PCM_Converter:b2v_inst|DATAR_Buf[29] ; I2S_BCKorDSDCLK ; DSM_1bit:DSM|I2S_PCM_Converter:b2v_inst|WCLK_O ; 20.361       ; 1.248      ; 1.736      ;
; 18.535 ; DSM_1bit:DSM|I2S_PCM_Converter:b2v_inst|DATA_LR_Buf[32] ; DSM_1bit:DSM|I2S_PCM_Converter:b2v_inst|DATAL_Buf[0]  ; I2S_BCKorDSDCLK ; DSM_1bit:DSM|I2S_PCM_Converter:b2v_inst|WCLK_O ; 20.361       ; -0.213     ; 1.620      ;
; 18.609 ; DSM_1bit:DSM|I2S_PCM_Converter:b2v_inst|DATA_LR_Buf[14] ; DSM_1bit:DSM|I2S_PCM_Converter:b2v_inst|DATAR_Buf[14] ; I2S_BCKorDSDCLK ; DSM_1bit:DSM|I2S_PCM_Converter:b2v_inst|WCLK_O ; 20.361       ; -0.241     ; 1.518      ;
; 18.616 ; DSM_1bit:DSM|I2S_PCM_Converter:b2v_inst|DATA_LR_Buf[20] ; DSM_1bit:DSM|I2S_PCM_Converter:b2v_inst|DATAR_Buf[20] ; I2S_BCKorDSDCLK ; DSM_1bit:DSM|I2S_PCM_Converter:b2v_inst|WCLK_O ; 20.361       ; -0.241     ; 1.511      ;
; 18.729 ; DSM_1bit:DSM|I2S_PCM_Converter:b2v_inst|DATA_LR_Buf[18] ; DSM_1bit:DSM|I2S_PCM_Converter:b2v_inst|DATAR_Buf[18] ; I2S_BCKorDSDCLK ; DSM_1bit:DSM|I2S_PCM_Converter:b2v_inst|WCLK_O ; 20.361       ; -0.241     ; 1.398      ;
; 18.730 ; DSM_1bit:DSM|I2S_PCM_Converter:b2v_inst|DATA_LR_Buf[19] ; DSM_1bit:DSM|I2S_PCM_Converter:b2v_inst|DATAR_Buf[19] ; I2S_BCKorDSDCLK ; DSM_1bit:DSM|I2S_PCM_Converter:b2v_inst|WCLK_O ; 20.361       ; -0.241     ; 1.397      ;
; 18.786 ; DSM_1bit:DSM|I2S_PCM_Converter:b2v_inst|DATA_LR_Buf[41] ; DSM_1bit:DSM|I2S_PCM_Converter:b2v_inst|DATAL_Buf[9]  ; I2S_BCKorDSDCLK ; DSM_1bit:DSM|I2S_PCM_Converter:b2v_inst|WCLK_O ; 20.361       ; -0.222     ; 1.360      ;
; 18.801 ; DSM_1bit:DSM|I2S_PCM_Converter:b2v_inst|DATA_LR_Buf[51] ; DSM_1bit:DSM|I2S_PCM_Converter:b2v_inst|DATAL_Buf[19] ; I2S_BCKorDSDCLK ; DSM_1bit:DSM|I2S_PCM_Converter:b2v_inst|WCLK_O ; 20.361       ; -0.230     ; 1.337      ;
; 18.841 ; DSM_1bit:DSM|I2S_PCM_Converter:b2v_inst|DATA_LR_Buf[22] ; DSM_1bit:DSM|I2S_PCM_Converter:b2v_inst|DATAR_Buf[22] ; I2S_BCKorDSDCLK ; DSM_1bit:DSM|I2S_PCM_Converter:b2v_inst|WCLK_O ; 20.361       ; -0.223     ; 1.304      ;
; 18.848 ; DSM_1bit:DSM|I2S_PCM_Converter:b2v_inst|DATA_LR_Buf[17] ; DSM_1bit:DSM|I2S_PCM_Converter:b2v_inst|DATAR_Buf[17] ; I2S_BCKorDSDCLK ; DSM_1bit:DSM|I2S_PCM_Converter:b2v_inst|WCLK_O ; 20.361       ; -0.241     ; 1.279      ;
; 18.850 ; DSM_1bit:DSM|I2S_PCM_Converter:b2v_inst|DATA_LR_Buf[55] ; DSM_1bit:DSM|I2S_PCM_Converter:b2v_inst|DATAL_Buf[23] ; I2S_BCKorDSDCLK ; DSM_1bit:DSM|I2S_PCM_Converter:b2v_inst|WCLK_O ; 20.361       ; -0.222     ; 1.296      ;
; 18.891 ; DSM_1bit:DSM|I2S_PCM_Converter:b2v_inst|DATA_LR_Buf[46] ; DSM_1bit:DSM|I2S_PCM_Converter:b2v_inst|DATAL_Buf[14] ; I2S_BCKorDSDCLK ; DSM_1bit:DSM|I2S_PCM_Converter:b2v_inst|WCLK_O ; 20.361       ; -0.230     ; 1.247      ;
; 18.898 ; DSM_1bit:DSM|I2S_PCM_Converter:b2v_inst|DATA_LR_Buf[52] ; DSM_1bit:DSM|I2S_PCM_Converter:b2v_inst|DATAL_Buf[20] ; I2S_BCKorDSDCLK ; DSM_1bit:DSM|I2S_PCM_Converter:b2v_inst|WCLK_O ; 20.361       ; -0.230     ; 1.240      ;
; 18.898 ; DSM_1bit:DSM|I2S_PCM_Converter:b2v_inst|DATA_LR_Buf[29] ; DSM_1bit:DSM|I2S_PCM_Converter:b2v_inst|DATAR_Buf[29] ; I2S_BCKorDSDCLK ; DSM_1bit:DSM|I2S_PCM_Converter:b2v_inst|WCLK_O ; 20.361       ; -0.221     ; 1.249      ;
; 18.902 ; DSM_1bit:DSM|I2S_PCM_Converter:b2v_inst|DATA_LR_Buf[53] ; DSM_1bit:DSM|I2S_PCM_Converter:b2v_inst|DATAL_Buf[21] ; I2S_BCKorDSDCLK ; DSM_1bit:DSM|I2S_PCM_Converter:b2v_inst|WCLK_O ; 20.361       ; -0.222     ; 1.244      ;
; 18.914 ; DSM_1bit:DSM|I2S_PCM_Converter:b2v_inst|DATA_LR_Buf[54] ; DSM_1bit:DSM|I2S_PCM_Converter:b2v_inst|DATAL_Buf[22] ; I2S_BCKorDSDCLK ; DSM_1bit:DSM|I2S_PCM_Converter:b2v_inst|WCLK_O ; 20.361       ; -0.222     ; 1.232      ;
; 18.919 ; DSM_1bit:DSM|I2S_PCM_Converter:b2v_inst|DATA_LR_Buf[25] ; DSM_1bit:DSM|I2S_PCM_Converter:b2v_inst|DATAR_Buf[25] ; I2S_BCKorDSDCLK ; DSM_1bit:DSM|I2S_PCM_Converter:b2v_inst|WCLK_O ; 20.361       ; -0.221     ; 1.228      ;
; 18.955 ; DSM_1bit:DSM|I2S_PCM_Converter:b2v_inst|DATA_LR_Buf[8]  ; DSM_1bit:DSM|I2S_PCM_Converter:b2v_inst|DATAR_Buf[8]  ; I2S_BCKorDSDCLK ; DSM_1bit:DSM|I2S_PCM_Converter:b2v_inst|WCLK_O ; 20.361       ; -0.241     ; 1.172      ;
; 18.959 ; DSM_1bit:DSM|I2S_PCM_Converter:b2v_inst|DATA_LR_Buf[48] ; DSM_1bit:DSM|I2S_PCM_Converter:b2v_inst|DATAL_Buf[16] ; I2S_BCKorDSDCLK ; DSM_1bit:DSM|I2S_PCM_Converter:b2v_inst|WCLK_O ; 20.361       ; -0.230     ; 1.179      ;
; 18.969 ; DSM_1bit:DSM|I2S_PCM_Converter:b2v_inst|DATA_LR_Buf[44] ; DSM_1bit:DSM|I2S_PCM_Converter:b2v_inst|DATAL_Buf[12] ; I2S_BCKorDSDCLK ; DSM_1bit:DSM|I2S_PCM_Converter:b2v_inst|WCLK_O ; 20.361       ; -0.230     ; 1.169      ;
; 18.970 ; DSM_1bit:DSM|I2S_PCM_Converter:b2v_inst|DATA_LR_Buf[13] ; DSM_1bit:DSM|I2S_PCM_Converter:b2v_inst|DATAR_Buf[13] ; I2S_BCKorDSDCLK ; DSM_1bit:DSM|I2S_PCM_Converter:b2v_inst|WCLK_O ; 20.361       ; -0.241     ; 1.157      ;
; 18.985 ; DSM_1bit:DSM|I2S_PCM_Converter:b2v_inst|DATA_LR_Buf[2]  ; DSM_1bit:DSM|I2S_PCM_Converter:b2v_inst|DATAR_Buf[2]  ; I2S_BCKorDSDCLK ; DSM_1bit:DSM|I2S_PCM_Converter:b2v_inst|WCLK_O ; 20.361       ; -0.222     ; 1.161      ;
; 18.992 ; DSM_1bit:DSM|I2S_PCM_Converter:b2v_inst|DATA_LR_Buf[57] ; DSM_1bit:DSM|I2S_PCM_Converter:b2v_inst|DATAL_Buf[25] ; I2S_BCKorDSDCLK ; DSM_1bit:DSM|I2S_PCM_Converter:b2v_inst|WCLK_O ; 20.361       ; -0.220     ; 1.156      ;
; 18.993 ; DSM_1bit:DSM|I2S_PCM_Converter:b2v_inst|DATA_LR_Buf[11] ; DSM_1bit:DSM|I2S_PCM_Converter:b2v_inst|DATAR_Buf[11] ; I2S_BCKorDSDCLK ; DSM_1bit:DSM|I2S_PCM_Converter:b2v_inst|WCLK_O ; 20.361       ; -0.241     ; 1.134      ;
; 18.995 ; DSM_1bit:DSM|I2S_PCM_Converter:b2v_inst|DATA_LR_Buf[16] ; DSM_1bit:DSM|I2S_PCM_Converter:b2v_inst|DATAR_Buf[16] ; I2S_BCKorDSDCLK ; DSM_1bit:DSM|I2S_PCM_Converter:b2v_inst|WCLK_O ; 20.361       ; -0.241     ; 1.132      ;
; 19.021 ; DSM_1bit:DSM|I2S_PCM_Converter:b2v_inst|DATA_LR_Buf[42] ; DSM_1bit:DSM|I2S_PCM_Converter:b2v_inst|DATAL_Buf[10] ; I2S_BCKorDSDCLK ; DSM_1bit:DSM|I2S_PCM_Converter:b2v_inst|WCLK_O ; 20.361       ; -0.222     ; 1.125      ;
; 19.044 ; DSM_1bit:DSM|I2S_PCM_Converter:b2v_inst|DATA_LR_Buf[4]  ; DSM_1bit:DSM|I2S_PCM_Converter:b2v_inst|DATAR_Buf[4]  ; I2S_BCKorDSDCLK ; DSM_1bit:DSM|I2S_PCM_Converter:b2v_inst|WCLK_O ; 20.361       ; -0.222     ; 1.102      ;
; 19.047 ; DSM_1bit:DSM|I2S_PCM_Converter:b2v_inst|DATA_LR_Buf[45] ; DSM_1bit:DSM|I2S_PCM_Converter:b2v_inst|DATAL_Buf[13] ; I2S_BCKorDSDCLK ; DSM_1bit:DSM|I2S_PCM_Converter:b2v_inst|WCLK_O ; 20.361       ; -0.230     ; 1.091      ;
; 19.053 ; DSM_1bit:DSM|I2S_PCM_Converter:b2v_inst|DATA_LR_Buf[5]  ; DSM_1bit:DSM|I2S_PCM_Converter:b2v_inst|DATAR_Buf[5]  ; I2S_BCKorDSDCLK ; DSM_1bit:DSM|I2S_PCM_Converter:b2v_inst|WCLK_O ; 20.361       ; -0.222     ; 1.093      ;
; 19.071 ; DSM_1bit:DSM|I2S_PCM_Converter:b2v_inst|DATA_LR_Buf[10] ; DSM_1bit:DSM|I2S_PCM_Converter:b2v_inst|DATAR_Buf[10] ; I2S_BCKorDSDCLK ; DSM_1bit:DSM|I2S_PCM_Converter:b2v_inst|WCLK_O ; 20.361       ; -0.241     ; 1.056      ;
; 19.074 ; DSM_1bit:DSM|I2S_PCM_Converter:b2v_inst|DATA_LR_Buf[15] ; DSM_1bit:DSM|I2S_PCM_Converter:b2v_inst|DATAR_Buf[15] ; I2S_BCKorDSDCLK ; DSM_1bit:DSM|I2S_PCM_Converter:b2v_inst|WCLK_O ; 20.361       ; -0.241     ; 1.053      ;
; 19.076 ; DSM_1bit:DSM|I2S_PCM_Converter:b2v_inst|DATA_LR_Buf[60] ; DSM_1bit:DSM|I2S_PCM_Converter:b2v_inst|DATAL_Buf[28] ; I2S_BCKorDSDCLK ; DSM_1bit:DSM|I2S_PCM_Converter:b2v_inst|WCLK_O ; 20.361       ; -0.220     ; 1.072      ;
; 19.079 ; DSM_1bit:DSM|I2S_PCM_Converter:b2v_inst|DATA_LR_Buf[9]  ; DSM_1bit:DSM|I2S_PCM_Converter:b2v_inst|DATAR_Buf[9]  ; I2S_BCKorDSDCLK ; DSM_1bit:DSM|I2S_PCM_Converter:b2v_inst|WCLK_O ; 20.361       ; -0.241     ; 1.048      ;
; 19.079 ; DSM_1bit:DSM|I2S_PCM_Converter:b2v_inst|DATA_LR_Buf[0]  ; DSM_1bit:DSM|I2S_PCM_Converter:b2v_inst|DATAR_Buf[0]  ; I2S_BCKorDSDCLK ; DSM_1bit:DSM|I2S_PCM_Converter:b2v_inst|WCLK_O ; 20.361       ; -0.234     ; 1.055      ;
; 19.081 ; DSM_1bit:DSM|I2S_PCM_Converter:b2v_inst|DATA_LR_Buf[12] ; DSM_1bit:DSM|I2S_PCM_Converter:b2v_inst|DATAR_Buf[12] ; I2S_BCKorDSDCLK ; DSM_1bit:DSM|I2S_PCM_Converter:b2v_inst|WCLK_O ; 20.361       ; -0.241     ; 1.046      ;
; 19.082 ; DSM_1bit:DSM|I2S_PCM_Converter:b2v_inst|DATA_LR_Buf[26] ; DSM_1bit:DSM|I2S_PCM_Converter:b2v_inst|DATAR_Buf[26] ; I2S_BCKorDSDCLK ; DSM_1bit:DSM|I2S_PCM_Converter:b2v_inst|WCLK_O ; 20.361       ; -0.221     ; 1.065      ;
; 19.107 ; DSM_1bit:DSM|I2S_PCM_Converter:b2v_inst|DATA_LR_Buf[1]  ; DSM_1bit:DSM|I2S_PCM_Converter:b2v_inst|DATAR_Buf[1]  ; I2S_BCKorDSDCLK ; DSM_1bit:DSM|I2S_PCM_Converter:b2v_inst|WCLK_O ; 20.361       ; -0.234     ; 1.027      ;
+--------+---------------------------------------------------------+-------------------------------------------------------+-----------------+------------------------------------------------+--------------+------------+------------+


+----------------------------------------------------------------------------------------------------------------------------------------------------------------------------------------------------------------------------------------+
; Fast 1200mV 0C Model Hold: 'I2S_BCKorDSDCLK'                                                                                                                                                                                           ;
+--------+---------------------------------------------------------+---------------------------------------------------------+------------------------------------------------+-----------------+--------------+------------+------------+
; Slack  ; From Node                                               ; To Node                                                 ; Launch Clock                                   ; Latch Clock     ; Relationship ; Clock Skew ; Data Delay ;
+--------+---------------------------------------------------------+---------------------------------------------------------+------------------------------------------------+-----------------+--------------+------------+------------+
; 0.196  ; DSM_1bit:DSM|I2S_PCM_Converter:b2v_inst|DATA_LR_Buf[27] ; DSM_1bit:DSM|I2S_PCM_Converter:b2v_inst|DATA_LR_Buf[28] ; I2S_BCKorDSDCLK                                ; I2S_BCKorDSDCLK ; 0.000        ; 0.036      ; 0.316      ;
; 0.197  ; DSM_1bit:DSM|I2S_PCM_Converter:b2v_inst|DATA_LR_Buf[58] ; DSM_1bit:DSM|I2S_PCM_Converter:b2v_inst|DATA_LR_Buf[59] ; I2S_BCKorDSDCLK                                ; I2S_BCKorDSDCLK ; 0.000        ; 0.037      ; 0.318      ;
; 0.197  ; DSM_1bit:DSM|I2S_PCM_Converter:b2v_inst|DATA_LR_Buf[47] ; DSM_1bit:DSM|I2S_PCM_Converter:b2v_inst|DATA_LR_Buf[48] ; I2S_BCKorDSDCLK                                ; I2S_BCKorDSDCLK ; 0.000        ; 0.037      ; 0.318      ;
; 0.197  ; DSM_1bit:DSM|I2S_PCM_Converter:b2v_inst|DATA_LR_Buf[44] ; DSM_1bit:DSM|I2S_PCM_Converter:b2v_inst|DATA_LR_Buf[45] ; I2S_BCKorDSDCLK                                ; I2S_BCKorDSDCLK ; 0.000        ; 0.037      ; 0.318      ;
; 0.197  ; DSM_1bit:DSM|I2S_PCM_Converter:b2v_inst|DATA_LR_Buf[39] ; DSM_1bit:DSM|I2S_PCM_Converter:b2v_inst|DATA_LR_Buf[40] ; I2S_BCKorDSDCLK                                ; I2S_BCKorDSDCLK ; 0.000        ; 0.037      ; 0.318      ;
; 0.197  ; DSM_1bit:DSM|I2S_PCM_Converter:b2v_inst|DATA_LR_Buf[36] ; DSM_1bit:DSM|I2S_PCM_Converter:b2v_inst|DATA_LR_Buf[37] ; I2S_BCKorDSDCLK                                ; I2S_BCKorDSDCLK ; 0.000        ; 0.037      ; 0.318      ;
; 0.197  ; DSM_1bit:DSM|I2S_PCM_Converter:b2v_inst|DATA_LR_Buf[30] ; DSM_1bit:DSM|I2S_PCM_Converter:b2v_inst|DATA_LR_Buf[31] ; I2S_BCKorDSDCLK                                ; I2S_BCKorDSDCLK ; 0.000        ; 0.036      ; 0.317      ;
; 0.198  ; DSM_1bit:DSM|I2S_PCM_Converter:b2v_inst|DATA_LR_Buf[60] ; DSM_1bit:DSM|I2S_PCM_Converter:b2v_inst|DATA_LR_Buf[61] ; I2S_BCKorDSDCLK                                ; I2S_BCKorDSDCLK ; 0.000        ; 0.037      ; 0.319      ;
; 0.198  ; DSM_1bit:DSM|I2S_PCM_Converter:b2v_inst|DATA_LR_Buf[57] ; DSM_1bit:DSM|I2S_PCM_Converter:b2v_inst|DATA_LR_Buf[58] ; I2S_BCKorDSDCLK                                ; I2S_BCKorDSDCLK ; 0.000        ; 0.037      ; 0.319      ;
; 0.198  ; DSM_1bit:DSM|I2S_PCM_Converter:b2v_inst|DATA_LR_Buf[56] ; DSM_1bit:DSM|I2S_PCM_Converter:b2v_inst|DATA_LR_Buf[57] ; I2S_BCKorDSDCLK                                ; I2S_BCKorDSDCLK ; 0.000        ; 0.037      ; 0.319      ;
; 0.198  ; DSM_1bit:DSM|I2S_PCM_Converter:b2v_inst|DATA_LR_Buf[38] ; DSM_1bit:DSM|I2S_PCM_Converter:b2v_inst|DATA_LR_Buf[39] ; I2S_BCKorDSDCLK                                ; I2S_BCKorDSDCLK ; 0.000        ; 0.037      ; 0.319      ;
; 0.198  ; DSM_1bit:DSM|I2S_PCM_Converter:b2v_inst|DATA_LR_Buf[37] ; DSM_1bit:DSM|I2S_PCM_Converter:b2v_inst|DATA_LR_Buf[38] ; I2S_BCKorDSDCLK                                ; I2S_BCKorDSDCLK ; 0.000        ; 0.037      ; 0.319      ;
; 0.198  ; DSM_1bit:DSM|I2S_PCM_Converter:b2v_inst|DATA_LR_Buf[24] ; DSM_1bit:DSM|I2S_PCM_Converter:b2v_inst|DATA_LR_Buf[25] ; I2S_BCKorDSDCLK                                ; I2S_BCKorDSDCLK ; 0.000        ; 0.036      ; 0.318      ;
; 0.198  ; DSM_1bit:DSM|I2S_PCM_Converter:b2v_inst|DATA_LR_Buf[23] ; DSM_1bit:DSM|I2S_PCM_Converter:b2v_inst|DATA_LR_Buf[24] ; I2S_BCKorDSDCLK                                ; I2S_BCKorDSDCLK ; 0.000        ; 0.036      ; 0.318      ;
; 0.198  ; DSM_1bit:DSM|I2S_PCM_Converter:b2v_inst|DATA_LR_Buf[18] ; DSM_1bit:DSM|I2S_PCM_Converter:b2v_inst|DATA_LR_Buf[19] ; I2S_BCKorDSDCLK                                ; I2S_BCKorDSDCLK ; 0.000        ; 0.037      ; 0.319      ;
; 0.199  ; DSM_1bit:DSM|I2S_PCM_Converter:b2v_inst|DATA_LR_Buf[48] ; DSM_1bit:DSM|I2S_PCM_Converter:b2v_inst|DATA_LR_Buf[49] ; I2S_BCKorDSDCLK                                ; I2S_BCKorDSDCLK ; 0.000        ; 0.037      ; 0.320      ;
; 0.199  ; DSM_1bit:DSM|I2S_PCM_Converter:b2v_inst|DATA_LR_Buf[0]  ; DSM_1bit:DSM|I2S_PCM_Converter:b2v_inst|DATA_LR_Buf[1]  ; I2S_BCKorDSDCLK                                ; I2S_BCKorDSDCLK ; 0.000        ; 0.036      ; 0.319      ;
; 0.201  ; DSM_1bit:DSM|I2S_PCM_Converter:b2v_inst|DATA_LR_Buf[8]  ; DSM_1bit:DSM|I2S_PCM_Converter:b2v_inst|DATA_LR_Buf[9]  ; I2S_BCKorDSDCLK                                ; I2S_BCKorDSDCLK ; 0.000        ; 0.037      ; 0.322      ;
; 0.205  ; DSM_1bit:DSM|I2S_PCM_Converter:b2v_inst|DATA_LR_Buf[55] ; DSM_1bit:DSM|I2S_PCM_Converter:b2v_inst|DATA_LR_Buf[56] ; I2S_BCKorDSDCLK                                ; I2S_BCKorDSDCLK ; 0.000        ; 0.037      ; 0.326      ;
; 0.205  ; DSM_1bit:DSM|I2S_PCM_Converter:b2v_inst|DATA_LR_Buf[41] ; DSM_1bit:DSM|I2S_PCM_Converter:b2v_inst|DATA_LR_Buf[42] ; I2S_BCKorDSDCLK                                ; I2S_BCKorDSDCLK ; 0.000        ; 0.037      ; 0.326      ;
; 0.264  ; DSM_1bit:DSM|I2S_PCM_Converter:b2v_inst|DATA_LR_Buf[49] ; DSM_1bit:DSM|I2S_PCM_Converter:b2v_inst|DATA_LR_Buf[50] ; I2S_BCKorDSDCLK                                ; I2S_BCKorDSDCLK ; 0.000        ; 0.037      ; 0.385      ;
; 0.264  ; DSM_1bit:DSM|I2S_PCM_Converter:b2v_inst|DATA_LR_Buf[46] ; DSM_1bit:DSM|I2S_PCM_Converter:b2v_inst|DATA_LR_Buf[47] ; I2S_BCKorDSDCLK                                ; I2S_BCKorDSDCLK ; 0.000        ; 0.037      ; 0.385      ;
; 0.266  ; DSM_1bit:DSM|I2S_PCM_Converter:b2v_inst|DATA_LR_Buf[51] ; DSM_1bit:DSM|I2S_PCM_Converter:b2v_inst|DATA_LR_Buf[52] ; I2S_BCKorDSDCLK                                ; I2S_BCKorDSDCLK ; 0.000        ; 0.037      ; 0.387      ;
; 0.266  ; DSM_1bit:DSM|I2S_PCM_Converter:b2v_inst|DATA_LR_Buf[19] ; DSM_1bit:DSM|I2S_PCM_Converter:b2v_inst|DATA_LR_Buf[20] ; I2S_BCKorDSDCLK                                ; I2S_BCKorDSDCLK ; 0.000        ; 0.037      ; 0.387      ;
; 0.270  ; DSM_1bit:DSM|I2S_PCM_Converter:b2v_inst|DATA_LR_Buf[59] ; DSM_1bit:DSM|I2S_PCM_Converter:b2v_inst|DATA_LR_Buf[60] ; I2S_BCKorDSDCLK                                ; I2S_BCKorDSDCLK ; 0.000        ; 0.037      ; 0.391      ;
; 0.270  ; DSM_1bit:DSM|I2S_PCM_Converter:b2v_inst|DATA_LR_Buf[50] ; DSM_1bit:DSM|I2S_PCM_Converter:b2v_inst|DATA_LR_Buf[51] ; I2S_BCKorDSDCLK                                ; I2S_BCKorDSDCLK ; 0.000        ; 0.037      ; 0.391      ;
; 0.270  ; DSM_1bit:DSM|I2S_PCM_Converter:b2v_inst|DATA_LR_Buf[17] ; DSM_1bit:DSM|I2S_PCM_Converter:b2v_inst|DATA_LR_Buf[18] ; I2S_BCKorDSDCLK                                ; I2S_BCKorDSDCLK ; 0.000        ; 0.037      ; 0.391      ;
; 0.270  ; DSM_1bit:DSM|I2S_PCM_Converter:b2v_inst|DATA_LR_Buf[12] ; DSM_1bit:DSM|I2S_PCM_Converter:b2v_inst|DATA_LR_Buf[13] ; I2S_BCKorDSDCLK                                ; I2S_BCKorDSDCLK ; 0.000        ; 0.037      ; 0.391      ;
; 0.271  ; DSM_1bit:DSM|I2S_PCM_Converter:b2v_inst|DATA_LR_Buf[28] ; DSM_1bit:DSM|I2S_PCM_Converter:b2v_inst|DATA_LR_Buf[29] ; I2S_BCKorDSDCLK                                ; I2S_BCKorDSDCLK ; 0.000        ; 0.036      ; 0.391      ;
; 0.271  ; DSM_1bit:DSM|I2S_PCM_Converter:b2v_inst|DATA_LR_Buf[15] ; DSM_1bit:DSM|I2S_PCM_Converter:b2v_inst|DATA_LR_Buf[16] ; I2S_BCKorDSDCLK                                ; I2S_BCKorDSDCLK ; 0.000        ; 0.037      ; 0.392      ;
; 0.271  ; DSM_1bit:DSM|I2S_PCM_Converter:b2v_inst|DATA_LR_Buf[10] ; DSM_1bit:DSM|I2S_PCM_Converter:b2v_inst|DATA_LR_Buf[11] ; I2S_BCKorDSDCLK                                ; I2S_BCKorDSDCLK ; 0.000        ; 0.037      ; 0.392      ;
; 0.271  ; DSM_1bit:DSM|I2S_PCM_Converter:b2v_inst|DATA_LR_Buf[6]  ; DSM_1bit:DSM|I2S_PCM_Converter:b2v_inst|DATA_LR_Buf[7]  ; I2S_BCKorDSDCLK                                ; I2S_BCKorDSDCLK ; 0.000        ; 0.036      ; 0.391      ;
; 0.271  ; DSM_1bit:DSM|I2S_PCM_Converter:b2v_inst|DATA_LR_Buf[4]  ; DSM_1bit:DSM|I2S_PCM_Converter:b2v_inst|DATA_LR_Buf[5]  ; I2S_BCKorDSDCLK                                ; I2S_BCKorDSDCLK ; 0.000        ; 0.036      ; 0.391      ;
; 0.272  ; DSM_1bit:DSM|I2S_PCM_Converter:b2v_inst|DATA_LR_Buf[53] ; DSM_1bit:DSM|I2S_PCM_Converter:b2v_inst|DATA_LR_Buf[54] ; I2S_BCKorDSDCLK                                ; I2S_BCKorDSDCLK ; 0.000        ; 0.037      ; 0.393      ;
; 0.273  ; DSM_1bit:DSM|I2S_PCM_Converter:b2v_inst|DATA_LR_Buf[22] ; DSM_1bit:DSM|I2S_PCM_Converter:b2v_inst|DATA_LR_Buf[23] ; I2S_BCKorDSDCLK                                ; I2S_BCKorDSDCLK ; 0.000        ; 0.036      ; 0.393      ;
; 0.273  ; DSM_1bit:DSM|I2S_PCM_Converter:b2v_inst|DATA_LR_Buf[9]  ; DSM_1bit:DSM|I2S_PCM_Converter:b2v_inst|DATA_LR_Buf[10] ; I2S_BCKorDSDCLK                                ; I2S_BCKorDSDCLK ; 0.000        ; 0.037      ; 0.394      ;
; 0.274  ; DSM_1bit:DSM|I2S_PCM_Converter:b2v_inst|DATA_LR_Buf[26] ; DSM_1bit:DSM|I2S_PCM_Converter:b2v_inst|DATA_LR_Buf[27] ; I2S_BCKorDSDCLK                                ; I2S_BCKorDSDCLK ; 0.000        ; 0.036      ; 0.394      ;
; 0.274  ; DSM_1bit:DSM|I2S_PCM_Converter:b2v_inst|DATA_LR_Buf[21] ; DSM_1bit:DSM|I2S_PCM_Converter:b2v_inst|DATA_LR_Buf[22] ; I2S_BCKorDSDCLK                                ; I2S_BCKorDSDCLK ; 0.000        ; 0.036      ; 0.394      ;
; 0.277  ; DSM_1bit:DSM|I2S_PCM_Converter:b2v_inst|DATA_LR_Buf[61] ; DSM_1bit:DSM|I2S_PCM_Converter:b2v_inst|DATA_LR_Buf[62] ; I2S_BCKorDSDCLK                                ; I2S_BCKorDSDCLK ; 0.000        ; 0.037      ; 0.398      ;
; 0.278  ; DSM_1bit:DSM|I2S_PCM_Converter:b2v_inst|DATA_LR_Buf[54] ; DSM_1bit:DSM|I2S_PCM_Converter:b2v_inst|DATA_LR_Buf[55] ; I2S_BCKorDSDCLK                                ; I2S_BCKorDSDCLK ; 0.000        ; 0.037      ; 0.399      ;
; 0.279  ; DSM_1bit:DSM|I2S_PCM_Converter:b2v_inst|DATA_LR_Buf[42] ; DSM_1bit:DSM|I2S_PCM_Converter:b2v_inst|DATA_LR_Buf[43] ; I2S_BCKorDSDCLK                                ; I2S_BCKorDSDCLK ; 0.000        ; 0.037      ; 0.400      ;
; 0.280  ; DSM_1bit:DSM|I2S_PCM_Converter:b2v_inst|DATA_LR_Buf[40] ; DSM_1bit:DSM|I2S_PCM_Converter:b2v_inst|DATA_LR_Buf[41] ; I2S_BCKorDSDCLK                                ; I2S_BCKorDSDCLK ; 0.000        ; 0.037      ; 0.401      ;
; 0.337  ; DSM_1bit:DSM|I2S_PCM_Converter:b2v_inst|DATA_LR_Buf[25] ; DSM_1bit:DSM|I2S_PCM_Converter:b2v_inst|DATA_LR_Buf[26] ; I2S_BCKorDSDCLK                                ; I2S_BCKorDSDCLK ; 0.000        ; 0.036      ; 0.457      ;
; 0.339  ; DSM_1bit:DSM|I2S_PCM_Converter:b2v_inst|DATA_LR_Buf[45] ; DSM_1bit:DSM|I2S_PCM_Converter:b2v_inst|DATA_LR_Buf[46] ; I2S_BCKorDSDCLK                                ; I2S_BCKorDSDCLK ; 0.000        ; 0.037      ; 0.460      ;
; 0.339  ; DSM_1bit:DSM|I2S_PCM_Converter:b2v_inst|DATA_LR_Buf[16] ; DSM_1bit:DSM|I2S_PCM_Converter:b2v_inst|DATA_LR_Buf[17] ; I2S_BCKorDSDCLK                                ; I2S_BCKorDSDCLK ; 0.000        ; 0.037      ; 0.460      ;
; 0.340  ; DSM_1bit:DSM|I2S_PCM_Converter:b2v_inst|DATA_LR_Buf[33] ; DSM_1bit:DSM|I2S_PCM_Converter:b2v_inst|DATA_LR_Buf[34] ; I2S_BCKorDSDCLK                                ; I2S_BCKorDSDCLK ; 0.000        ; 0.036      ; 0.460      ;
; 0.343  ; DSM_1bit:DSM|I2S_PCM_Converter:b2v_inst|DATA_LR_Buf[43] ; DSM_1bit:DSM|I2S_PCM_Converter:b2v_inst|DATA_LR_Buf[44] ; I2S_BCKorDSDCLK                                ; I2S_BCKorDSDCLK ; 0.000        ; 0.045      ; 0.472      ;
; 0.343  ; DSM_1bit:DSM|I2S_PCM_Converter:b2v_inst|DATA_LR_Buf[11] ; DSM_1bit:DSM|I2S_PCM_Converter:b2v_inst|DATA_LR_Buf[12] ; I2S_BCKorDSDCLK                                ; I2S_BCKorDSDCLK ; 0.000        ; 0.037      ; 0.464      ;
; 0.350  ; DSM_1bit:DSM|I2S_PCM_Converter:b2v_inst|DATA_LR_Buf[3]  ; DSM_1bit:DSM|I2S_PCM_Converter:b2v_inst|DATA_LR_Buf[4]  ; I2S_BCKorDSDCLK                                ; I2S_BCKorDSDCLK ; 0.000        ; 0.036      ; 0.470      ;
; 0.359  ; DSM_1bit:DSM|I2S_PCM_Converter:b2v_inst|DATA_LR_Buf[35] ; DSM_1bit:DSM|I2S_PCM_Converter:b2v_inst|DATA_LR_Buf[36] ; I2S_BCKorDSDCLK                                ; I2S_BCKorDSDCLK ; 0.000        ; 0.037      ; 0.480      ;
; 0.382  ; I2S_LRCKorDSD2                                          ; DSDRIGHT                                                ; I2S_BCKorDSDCLK                                ; I2S_BCKorDSDCLK ; 0.000        ; 0.000      ; 10.382     ;
; 0.402  ; DSM_1bit:DSM|I2S_PCM_Converter:b2v_inst|DATA_LR_Buf[32] ; DSM_1bit:DSM|I2S_PCM_Converter:b2v_inst|DATA_LR_Buf[33] ; I2S_BCKorDSDCLK                                ; I2S_BCKorDSDCLK ; 0.000        ; 0.045      ; 0.531      ;
; 0.451  ; DSM_1bit:DSM|I2S_PCM_Converter:b2v_inst|DATA_LR_Buf[14] ; DSM_1bit:DSM|I2S_PCM_Converter:b2v_inst|DATA_LR_Buf[15] ; I2S_BCKorDSDCLK                                ; I2S_BCKorDSDCLK ; 0.000        ; 0.037      ; 0.572      ;
; 0.452  ; DSM_1bit:DSM|I2S_PCM_Converter:b2v_inst|DATA_LR_Buf[13] ; DSM_1bit:DSM|I2S_PCM_Converter:b2v_inst|DATA_LR_Buf[14] ; I2S_BCKorDSDCLK                                ; I2S_BCKorDSDCLK ; 0.000        ; 0.037      ; 0.573      ;
; 0.455  ; DSM_1bit:DSM|I2S_PCM_Converter:b2v_inst|DATA_LR_Buf[29] ; DSM_1bit:DSM|I2S_PCM_Converter:b2v_inst|DATA_LR_Buf[30] ; I2S_BCKorDSDCLK                                ; I2S_BCKorDSDCLK ; 0.000        ; 0.036      ; 0.575      ;
; 0.460  ; DSM_1bit:DSM|I2S_PCM_Converter:b2v_inst|DATA_LR_Buf[34] ; DSM_1bit:DSM|I2S_PCM_Converter:b2v_inst|DATA_LR_Buf[35] ; I2S_BCKorDSDCLK                                ; I2S_BCKorDSDCLK ; 0.000        ; 0.036      ; 0.580      ;
; 0.463  ; DSM_1bit:DSM|I2S_PCM_Converter:b2v_inst|DATA_LR_Buf[5]  ; DSM_1bit:DSM|I2S_PCM_Converter:b2v_inst|DATA_LR_Buf[6]  ; I2S_BCKorDSDCLK                                ; I2S_BCKorDSDCLK ; 0.000        ; 0.036      ; 0.583      ;
; 0.482  ; DSM_1bit:DSM|I2S_PCM_Converter:b2v_inst|DATA_LR_Buf[62] ; DSM_1bit:DSM|I2S_PCM_Converter:b2v_inst|DATA_LR_Buf[63] ; I2S_BCKorDSDCLK                                ; I2S_BCKorDSDCLK ; 0.000        ; 0.045      ; 0.611      ;
; 0.506  ; DSM_1bit:DSM|I2S_PCM_Converter:b2v_inst|DATA_LR_Buf[1]  ; DSM_1bit:DSM|I2S_PCM_Converter:b2v_inst|DATA_LR_Buf[2]  ; I2S_BCKorDSDCLK                                ; I2S_BCKorDSDCLK ; 0.000        ; 0.024      ; 0.614      ;
; 0.575  ; DSM_1bit:DSM|I2S_PCM_Converter:b2v_inst|DATA_LR_Buf[31] ; DSM_1bit:DSM|I2S_PCM_Converter:b2v_inst|DATA_LR_Buf[32] ; I2S_BCKorDSDCLK                                ; I2S_BCKorDSDCLK ; 0.000        ; 0.045      ; 0.704      ;
; 0.589  ; I2S_LRCKorDSD2                                          ; DSM_1bit:DSM|I2S_PCM_Converter:b2v_inst|WCLK_Buf        ; I2S_BCKorDSDCLK                                ; I2S_BCKorDSDCLK ; 0.000        ; 1.482      ; 7.155      ;
; 0.593  ; DSM_1bit:DSM|I2S_PCM_Converter:b2v_inst|DATA_LR_Buf[2]  ; DSM_1bit:DSM|I2S_PCM_Converter:b2v_inst|DATA_LR_Buf[3]  ; I2S_BCKorDSDCLK                                ; I2S_BCKorDSDCLK ; 0.000        ; 0.036      ; 0.713      ;
; 0.667  ; DSM_1bit:DSM|I2S_PCM_Converter:b2v_inst|DATA_LR_Buf[7]  ; DSM_1bit:DSM|I2S_PCM_Converter:b2v_inst|DATA_LR_Buf[8]  ; I2S_BCKorDSDCLK                                ; I2S_BCKorDSDCLK ; 0.000        ; 0.057      ; 0.808      ;
; 0.686  ; DSM_1bit:DSM|I2S_PCM_Converter:b2v_inst|DATA_LR_Buf[20] ; DSM_1bit:DSM|I2S_PCM_Converter:b2v_inst|DATA_LR_Buf[21] ; I2S_BCKorDSDCLK                                ; I2S_BCKorDSDCLK ; 0.000        ; 0.019      ; 0.789      ;
; 0.772  ; DSM_1bit:DSM|I2S_PCM_Converter:b2v_inst|DATA_LR_Buf[52] ; DSM_1bit:DSM|I2S_PCM_Converter:b2v_inst|DATA_LR_Buf[53] ; I2S_BCKorDSDCLK                                ; I2S_BCKorDSDCLK ; 0.000        ; 0.029      ; 0.885      ;
; 0.873  ; I2S_DATAorDSD1                                          ; DSDLEFT                                                 ; I2S_BCKorDSDCLK                                ; I2S_BCKorDSDCLK ; 0.000        ; 0.000      ; 10.873     ;
; 1.014  ; I2S_RST                                                 ; DSM_1bit:DSM|I2S_PCM_Converter:b2v_inst|DATA_LR_Buf[0]  ; I2S_BCKorDSDCLK                                ; I2S_BCKorDSDCLK ; 0.000        ; 1.478      ; 7.576      ;
; 1.041  ; DSD_ON                                                  ; DSDRIGHT                                                ; I2S_BCKorDSDCLK                                ; I2S_BCKorDSDCLK ; 0.000        ; 0.000      ; 11.041     ;
; 1.041  ; DSD_ON                                                  ; DSDLEFT                                                 ; I2S_BCKorDSDCLK                                ; I2S_BCKorDSDCLK ; 0.000        ; 0.000      ; 11.041     ;
; 1.453  ; I2S_DATAorDSD1                                          ; DSM_1bit:DSM|I2S_PCM_Converter:b2v_inst|DATA_LR_Buf[0]  ; I2S_BCKorDSDCLK                                ; I2S_BCKorDSDCLK ; 0.000        ; 1.478      ; 8.015      ;
; 1.642  ; I2S_BCKorDSDCLK                                         ; DSDCLK                                                  ; I2S_BCKorDSDCLK                                ; I2S_BCKorDSDCLK ; 0.000        ; 0.000      ; 6.642      ;
; 20.287 ; DSM_1bit:DSM|I2S_PCM_Converter:b2v_inst|DATAR_Buf[31]   ; DSDRIGHT                                                ; DSM_1bit:DSM|I2S_PCM_Converter:b2v_inst|WCLK_O ; I2S_BCKorDSDCLK ; -20.361      ; -1.248     ; 3.678      ;
; 20.323 ; DSM_1bit:DSM|DSM_MAXIMIZER:b2v_inst12|DSDDATA_Buf[0]    ; DSDLEFT                                                 ; I2S_BCKorDSDCLK                                ; I2S_BCKorDSDCLK ; -20.361      ; -1.500     ; 3.462      ;
; 20.417 ; DSM_1bit:DSM|I2S_PCM_Converter:b2v_inst|DATAL_Buf[31]   ; DSDLEFT                                                 ; DSM_1bit:DSM|I2S_PCM_Converter:b2v_inst|WCLK_O ; I2S_BCKorDSDCLK ; -20.361      ; -1.268     ; 3.788      ;
; 20.441 ; DSM_1bit:DSM|I2S_PCM_Converter:b2v_inst|DATAR_Buf[30]   ; DSDRIGHT                                                ; DSM_1bit:DSM|I2S_PCM_Converter:b2v_inst|WCLK_O ; I2S_BCKorDSDCLK ; -20.361      ; -1.248     ; 3.832      ;
; 20.452 ; DSM_1bit:DSM|DSM_MAXIMIZER:b2v_inst13|DSDDATA_Buf[0]    ; DSDRIGHT                                                ; I2S_BCKorDSDCLK                                ; I2S_BCKorDSDCLK ; -20.361      ; -1.479     ; 3.612      ;
; 20.494 ; DSM_1bit:DSM|I2S_PCM_Converter:b2v_inst|DATAR_Buf[29]   ; DSDRIGHT                                                ; DSM_1bit:DSM|I2S_PCM_Converter:b2v_inst|WCLK_O ; I2S_BCKorDSDCLK ; -20.361      ; -1.248     ; 3.885      ;
; 20.497 ; DSM_1bit:DSM|DSM_SIGMA:b2v_inst4|DATA_Latch_neg[31]     ; DSDRIGHT                                                ; I2S_BCKorDSDCLK                                ; I2S_BCKorDSDCLK ; -20.361      ; -1.478     ; 3.658      ;
; 20.503 ; DSM_1bit:DSM|DSM_SIGMA:b2v_inst1|DATA_Latch_pos[30]     ; DSM_1bit:DSM|DSM_SIGMA:b2v_inst1|DATA_Latch_neg[30]     ; I2S_BCKorDSDCLK                                ; I2S_BCKorDSDCLK ; -20.361      ; 0.088      ; 0.314      ;
; 20.504 ; DSM_1bit:DSM|DSM_SIGMA:b2v_inst1|DATA_Latch_pos[27]     ; DSM_1bit:DSM|DSM_SIGMA:b2v_inst1|DATA_Latch_neg[27]     ; I2S_BCKorDSDCLK                                ; I2S_BCKorDSDCLK ; -20.361      ; 0.088      ; 0.315      ;
; 20.505 ; DSM_1bit:DSM|DSM_SIGMA:b2v_inst4|DATA_Latch_neg[6]      ; DSM_1bit:DSM|DSM_SIGMA:b2v_inst4|DATA_Latch_pos[5]      ; I2S_BCKorDSDCLK                                ; I2S_BCKorDSDCLK ; -20.361      ; 0.186      ; 0.414      ;
; 20.505 ; DSM_1bit:DSM|DSM_SIGMA:b2v_inst4|DATA_Latch_neg[5]      ; DSM_1bit:DSM|DSM_SIGMA:b2v_inst4|DATA_Latch_pos[4]      ; I2S_BCKorDSDCLK                                ; I2S_BCKorDSDCLK ; -20.361      ; 0.186      ; 0.414      ;
; 20.505 ; DSM_1bit:DSM|DSM_SIGMA:b2v_inst1|DATA_Latch_pos[25]     ; DSM_1bit:DSM|DSM_SIGMA:b2v_inst1|DATA_Latch_neg[25]     ; I2S_BCKorDSDCLK                                ; I2S_BCKorDSDCLK ; -20.361      ; 0.088      ; 0.316      ;
; 20.505 ; DSM_1bit:DSM|DSM_SIGMA:b2v_inst1|DATA_Latch_pos[29]     ; DSM_1bit:DSM|DSM_SIGMA:b2v_inst1|DATA_Latch_neg[29]     ; I2S_BCKorDSDCLK                                ; I2S_BCKorDSDCLK ; -20.361      ; 0.088      ; 0.316      ;
; 20.506 ; DSM_1bit:DSM|DSM_SIGMA:b2v_inst4|DATA_Latch_neg[3]      ; DSM_1bit:DSM|DSM_SIGMA:b2v_inst4|DATA_Latch_pos[2]      ; I2S_BCKorDSDCLK                                ; I2S_BCKorDSDCLK ; -20.361      ; 0.186      ; 0.415      ;
; 20.506 ; DSM_1bit:DSM|DSM_SIGMA:b2v_inst4|DATA_Latch_neg[2]      ; DSM_1bit:DSM|DSM_SIGMA:b2v_inst4|DATA_Latch_pos[1]      ; I2S_BCKorDSDCLK                                ; I2S_BCKorDSDCLK ; -20.361      ; 0.186      ; 0.415      ;
; 20.508 ; DSM_1bit:DSM|DSM_SIGMA:b2v_inst4|DATA_Latch_neg[8]      ; DSM_1bit:DSM|DSM_SIGMA:b2v_inst4|DATA_Latch_pos[7]      ; I2S_BCKorDSDCLK                                ; I2S_BCKorDSDCLK ; -20.361      ; 0.186      ; 0.417      ;
; 20.508 ; DSM_1bit:DSM|DSM_SIGMA:b2v_inst4|DATA_Latch_neg[7]      ; DSM_1bit:DSM|DSM_SIGMA:b2v_inst4|DATA_Latch_pos[6]      ; I2S_BCKorDSDCLK                                ; I2S_BCKorDSDCLK ; -20.361      ; 0.186      ; 0.417      ;
; 20.508 ; DSM_1bit:DSM|I2S_PCM_Converter:b2v_inst|DATAR_Buf[28]   ; DSDRIGHT                                                ; DSM_1bit:DSM|I2S_PCM_Converter:b2v_inst|WCLK_O ; I2S_BCKorDSDCLK ; -20.361      ; -1.248     ; 3.899      ;
; 20.511 ; DSM_1bit:DSM|DSM_SIGMA:b2v_inst4|DATA_Latch_neg[30]     ; DSDRIGHT                                                ; I2S_BCKorDSDCLK                                ; I2S_BCKorDSDCLK ; -20.361      ; -1.478     ; 3.672      ;
; 20.514 ; DSM_1bit:DSM|DSM_SIGMA:b2v_inst1|DATA_Latch_neg[2]      ; DSM_1bit:DSM|DSM_SIGMA:b2v_inst1|DATA_Latch_pos[1]      ; I2S_BCKorDSDCLK                                ; I2S_BCKorDSDCLK ; -20.361      ; 0.176      ; 0.413      ;
; 20.515 ; DSM_1bit:DSM|DSM_SIGMA:b2v_inst1|DATA_Latch_neg[6]      ; DSM_1bit:DSM|DSM_SIGMA:b2v_inst1|DATA_Latch_pos[5]      ; I2S_BCKorDSDCLK                                ; I2S_BCKorDSDCLK ; -20.361      ; 0.176      ; 0.414      ;
; 20.516 ; DSM_1bit:DSM|DSM_SIGMA:b2v_inst1|DATA_Latch_neg[7]      ; DSM_1bit:DSM|DSM_SIGMA:b2v_inst1|DATA_Latch_pos[6]      ; I2S_BCKorDSDCLK                                ; I2S_BCKorDSDCLK ; -20.361      ; 0.176      ; 0.415      ;
; 20.517 ; DSM_1bit:DSM|DSM_SIGMA:b2v_inst1|DATA_Latch_neg[5]      ; DSM_1bit:DSM|DSM_SIGMA:b2v_inst1|DATA_Latch_pos[4]      ; I2S_BCKorDSDCLK                                ; I2S_BCKorDSDCLK ; -20.361      ; 0.176      ; 0.416      ;
; 20.518 ; DSM_1bit:DSM|DSM_SIGMA:b2v_inst1|DATA_Latch_neg[8]      ; DSM_1bit:DSM|DSM_SIGMA:b2v_inst1|DATA_Latch_pos[7]      ; I2S_BCKorDSDCLK                                ; I2S_BCKorDSDCLK ; -20.361      ; 0.176      ; 0.417      ;
; 20.521 ; DSM_1bit:DSM|DSM_SIGMA:b2v_inst4|DATA_Latch_neg[31]     ; DSM_1bit:DSM|DSM_SIGMA:b2v_inst4|DATA_Latch_pos[30]     ; I2S_BCKorDSDCLK                                ; I2S_BCKorDSDCLK ; -20.361      ; 0.170      ; 0.414      ;
; 20.521 ; DSM_1bit:DSM|DSM_SIGMA:b2v_inst4|DATA_Latch_neg[30]     ; DSM_1bit:DSM|DSM_SIGMA:b2v_inst4|DATA_Latch_pos[29]     ; I2S_BCKorDSDCLK                                ; I2S_BCKorDSDCLK ; -20.361      ; 0.170      ; 0.414      ;
; 20.521 ; DSM_1bit:DSM|DSM_SIGMA:b2v_inst4|DATA_Latch_neg[28]     ; DSM_1bit:DSM|DSM_SIGMA:b2v_inst4|DATA_Latch_pos[27]     ; I2S_BCKorDSDCLK                                ; I2S_BCKorDSDCLK ; -20.361      ; 0.170      ; 0.414      ;
; 20.522 ; DSM_1bit:DSM|DSM_SIGMA:b2v_inst4|DATA_Latch_neg[26]     ; DSM_1bit:DSM|DSM_SIGMA:b2v_inst4|DATA_Latch_pos[25]     ; I2S_BCKorDSDCLK                                ; I2S_BCKorDSDCLK ; -20.361      ; 0.170      ; 0.415      ;
; 20.523 ; DSM_1bit:DSM|DSM_SIGMA:b2v_inst4|DATA_Latch_neg[27]     ; DSM_1bit:DSM|DSM_SIGMA:b2v_inst4|DATA_Latch_pos[26]     ; I2S_BCKorDSDCLK                                ; I2S_BCKorDSDCLK ; -20.361      ; 0.170      ; 0.416      ;
+--------+---------------------------------------------------------+---------------------------------------------------------+------------------------------------------------+-----------------+--------------+------------+------------+


+--------------------------------------------------------------------------------------------------------------------------------------------------------------------------------------------------------------------------------------+
; Fast 1200mV 0C Model Hold: 'DSM_1bit:DSM|I2S_PCM_Converter:b2v_inst|WCLK_O'                                                                                                                                                          ;
+--------+---------------------------------------------------------+-------------------------------------------------------+-----------------+------------------------------------------------+--------------+------------+------------+
; Slack  ; From Node                                               ; To Node                                               ; Launch Clock    ; Latch Clock                                    ; Relationship ; Clock Skew ; Data Delay ;
+--------+---------------------------------------------------------+-------------------------------------------------------+-----------------+------------------------------------------------+--------------+------------+------------+
; 15.620 ; I2S_RST                                                 ; DSM_1bit:DSM|I2S_PCM_Converter:b2v_inst|DATAR_Buf[29] ; I2S_BCKorDSDCLK ; DSM_1bit:DSM|I2S_PCM_Converter:b2v_inst|WCLK_O ; -20.361      ; 1.312      ; 1.655      ;
; 15.646 ; I2S_RST                                                 ; DSM_1bit:DSM|I2S_PCM_Converter:b2v_inst|DATAR_Buf[2]  ; I2S_BCKorDSDCLK ; DSM_1bit:DSM|I2S_PCM_Converter:b2v_inst|WCLK_O ; -20.361      ; 1.308      ; 1.677      ;
; 15.648 ; I2S_RST                                                 ; DSM_1bit:DSM|I2S_PCM_Converter:b2v_inst|DATAR_Buf[26] ; I2S_BCKorDSDCLK ; DSM_1bit:DSM|I2S_PCM_Converter:b2v_inst|WCLK_O ; -20.361      ; 1.312      ; 1.683      ;
; 15.652 ; I2S_RST                                                 ; DSM_1bit:DSM|I2S_PCM_Converter:b2v_inst|DATAL_Buf[30] ; I2S_BCKorDSDCLK ; DSM_1bit:DSM|I2S_PCM_Converter:b2v_inst|WCLK_O ; -20.361      ; 1.333      ; 1.708      ;
; 15.686 ; I2S_RST                                                 ; DSM_1bit:DSM|I2S_PCM_Converter:b2v_inst|DATAR_Buf[28] ; I2S_BCKorDSDCLK ; DSM_1bit:DSM|I2S_PCM_Converter:b2v_inst|WCLK_O ; -20.361      ; 1.312      ; 1.721      ;
; 15.720 ; I2S_RST                                                 ; DSM_1bit:DSM|I2S_PCM_Converter:b2v_inst|DATAR_Buf[3]  ; I2S_BCKorDSDCLK ; DSM_1bit:DSM|I2S_PCM_Converter:b2v_inst|WCLK_O ; -20.361      ; 1.308      ; 1.751      ;
; 15.720 ; I2S_RST                                                 ; DSM_1bit:DSM|I2S_PCM_Converter:b2v_inst|DATAR_Buf[24] ; I2S_BCKorDSDCLK ; DSM_1bit:DSM|I2S_PCM_Converter:b2v_inst|WCLK_O ; -20.361      ; 1.312      ; 1.755      ;
; 15.722 ; I2S_RST                                                 ; DSM_1bit:DSM|I2S_PCM_Converter:b2v_inst|DATAR_Buf[1]  ; I2S_BCKorDSDCLK ; DSM_1bit:DSM|I2S_PCM_Converter:b2v_inst|WCLK_O ; -20.361      ; 1.308      ; 1.753      ;
; 15.726 ; I2S_RST                                                 ; DSM_1bit:DSM|I2S_PCM_Converter:b2v_inst|DATAR_Buf[5]  ; I2S_BCKorDSDCLK ; DSM_1bit:DSM|I2S_PCM_Converter:b2v_inst|WCLK_O ; -20.361      ; 1.308      ; 1.757      ;
; 15.732 ; I2S_RST                                                 ; DSM_1bit:DSM|I2S_PCM_Converter:b2v_inst|DATAR_Buf[25] ; I2S_BCKorDSDCLK ; DSM_1bit:DSM|I2S_PCM_Converter:b2v_inst|WCLK_O ; -20.361      ; 1.312      ; 1.767      ;
; 15.734 ; I2S_RST                                                 ; DSM_1bit:DSM|I2S_PCM_Converter:b2v_inst|DATAR_Buf[30] ; I2S_BCKorDSDCLK ; DSM_1bit:DSM|I2S_PCM_Converter:b2v_inst|WCLK_O ; -20.361      ; 1.312      ; 1.769      ;
; 15.751 ; I2S_RST                                                 ; DSM_1bit:DSM|I2S_PCM_Converter:b2v_inst|DATAR_Buf[21] ; I2S_BCKorDSDCLK ; DSM_1bit:DSM|I2S_PCM_Converter:b2v_inst|WCLK_O ; -20.361      ; 1.310      ; 1.784      ;
; 15.758 ; I2S_RST                                                 ; DSM_1bit:DSM|I2S_PCM_Converter:b2v_inst|DATAR_Buf[23] ; I2S_BCKorDSDCLK ; DSM_1bit:DSM|I2S_PCM_Converter:b2v_inst|WCLK_O ; -20.361      ; 1.310      ; 1.791      ;
; 15.803 ; I2S_RST                                                 ; DSM_1bit:DSM|I2S_PCM_Converter:b2v_inst|DATAL_Buf[26] ; I2S_BCKorDSDCLK ; DSM_1bit:DSM|I2S_PCM_Converter:b2v_inst|WCLK_O ; -20.361      ; 1.333      ; 1.859      ;
; 15.841 ; I2S_RST                                                 ; DSM_1bit:DSM|I2S_PCM_Converter:b2v_inst|DATAL_Buf[28] ; I2S_BCKorDSDCLK ; DSM_1bit:DSM|I2S_PCM_Converter:b2v_inst|WCLK_O ; -20.361      ; 1.333      ; 1.897      ;
; 15.851 ; I2S_RST                                                 ; DSM_1bit:DSM|I2S_PCM_Converter:b2v_inst|DATAR_Buf[6]  ; I2S_BCKorDSDCLK ; DSM_1bit:DSM|I2S_PCM_Converter:b2v_inst|WCLK_O ; -20.361      ; 1.308      ; 1.882      ;
; 15.857 ; I2S_RST                                                 ; DSM_1bit:DSM|I2S_PCM_Converter:b2v_inst|DATAL_Buf[29] ; I2S_BCKorDSDCLK ; DSM_1bit:DSM|I2S_PCM_Converter:b2v_inst|WCLK_O ; -20.361      ; 1.333      ; 1.913      ;
; 15.860 ; I2S_RST                                                 ; DSM_1bit:DSM|I2S_PCM_Converter:b2v_inst|DATAL_Buf[24] ; I2S_BCKorDSDCLK ; DSM_1bit:DSM|I2S_PCM_Converter:b2v_inst|WCLK_O ; -20.361      ; 1.333      ; 1.916      ;
; 15.861 ; I2S_RST                                                 ; DSM_1bit:DSM|I2S_PCM_Converter:b2v_inst|DATAL_Buf[27] ; I2S_BCKorDSDCLK ; DSM_1bit:DSM|I2S_PCM_Converter:b2v_inst|WCLK_O ; -20.361      ; 1.333      ; 1.917      ;
; 15.862 ; I2S_RST                                                 ; DSM_1bit:DSM|I2S_PCM_Converter:b2v_inst|DATAR_Buf[27] ; I2S_BCKorDSDCLK ; DSM_1bit:DSM|I2S_PCM_Converter:b2v_inst|WCLK_O ; -20.361      ; 1.312      ; 1.897      ;
; 15.899 ; I2S_RST                                                 ; DSM_1bit:DSM|I2S_PCM_Converter:b2v_inst|DATAL_Buf[23] ; I2S_BCKorDSDCLK ; DSM_1bit:DSM|I2S_PCM_Converter:b2v_inst|WCLK_O ; -20.361      ; 1.331      ; 1.953      ;
; 15.919 ; I2S_RST                                                 ; DSM_1bit:DSM|I2S_PCM_Converter:b2v_inst|DATAR_Buf[0]  ; I2S_BCKorDSDCLK ; DSM_1bit:DSM|I2S_PCM_Converter:b2v_inst|WCLK_O ; -20.361      ; 1.308      ; 1.950      ;
; 15.920 ; I2S_RST                                                 ; DSM_1bit:DSM|I2S_PCM_Converter:b2v_inst|DATAL_Buf[25] ; I2S_BCKorDSDCLK ; DSM_1bit:DSM|I2S_PCM_Converter:b2v_inst|WCLK_O ; -20.361      ; 1.333      ; 1.976      ;
; 15.924 ; I2S_RST                                                 ; DSM_1bit:DSM|I2S_PCM_Converter:b2v_inst|DATAL_Buf[22] ; I2S_BCKorDSDCLK ; DSM_1bit:DSM|I2S_PCM_Converter:b2v_inst|WCLK_O ; -20.361      ; 1.331      ; 1.978      ;
; 15.947 ; I2S_RST                                                 ; DSM_1bit:DSM|I2S_PCM_Converter:b2v_inst|DATAR_Buf[4]  ; I2S_BCKorDSDCLK ; DSM_1bit:DSM|I2S_PCM_Converter:b2v_inst|WCLK_O ; -20.361      ; 1.308      ; 1.978      ;
; 15.951 ; I2S_RST                                                 ; DSM_1bit:DSM|I2S_PCM_Converter:b2v_inst|DATAR_Buf[9]  ; I2S_BCKorDSDCLK ; DSM_1bit:DSM|I2S_PCM_Converter:b2v_inst|WCLK_O ; -20.361      ; 1.310      ; 1.984      ;
; 15.953 ; I2S_RST                                                 ; DSM_1bit:DSM|I2S_PCM_Converter:b2v_inst|DATAR_Buf[7]  ; I2S_BCKorDSDCLK ; DSM_1bit:DSM|I2S_PCM_Converter:b2v_inst|WCLK_O ; -20.361      ; 1.308      ; 1.984      ;
; 15.953 ; I2S_RST                                                 ; DSM_1bit:DSM|I2S_PCM_Converter:b2v_inst|DATAR_Buf[12] ; I2S_BCKorDSDCLK ; DSM_1bit:DSM|I2S_PCM_Converter:b2v_inst|WCLK_O ; -20.361      ; 1.310      ; 1.986      ;
; 15.956 ; I2S_RST                                                 ; DSM_1bit:DSM|I2S_PCM_Converter:b2v_inst|DATAR_Buf[13] ; I2S_BCKorDSDCLK ; DSM_1bit:DSM|I2S_PCM_Converter:b2v_inst|WCLK_O ; -20.361      ; 1.310      ; 1.989      ;
; 15.958 ; I2S_RST                                                 ; DSM_1bit:DSM|I2S_PCM_Converter:b2v_inst|DATAR_Buf[15] ; I2S_BCKorDSDCLK ; DSM_1bit:DSM|I2S_PCM_Converter:b2v_inst|WCLK_O ; -20.361      ; 1.310      ; 1.991      ;
; 15.961 ; I2S_RST                                                 ; DSM_1bit:DSM|I2S_PCM_Converter:b2v_inst|DATAR_Buf[11] ; I2S_BCKorDSDCLK ; DSM_1bit:DSM|I2S_PCM_Converter:b2v_inst|WCLK_O ; -20.361      ; 1.310      ; 1.994      ;
; 15.962 ; I2S_RST                                                 ; DSM_1bit:DSM|I2S_PCM_Converter:b2v_inst|DATAR_Buf[16] ; I2S_BCKorDSDCLK ; DSM_1bit:DSM|I2S_PCM_Converter:b2v_inst|WCLK_O ; -20.361      ; 1.310      ; 1.995      ;
; 15.964 ; I2S_RST                                                 ; DSM_1bit:DSM|I2S_PCM_Converter:b2v_inst|DATAR_Buf[10] ; I2S_BCKorDSDCLK ; DSM_1bit:DSM|I2S_PCM_Converter:b2v_inst|WCLK_O ; -20.361      ; 1.310      ; 1.997      ;
; 15.966 ; I2S_RST                                                 ; DSM_1bit:DSM|I2S_PCM_Converter:b2v_inst|DATAL_Buf[20] ; I2S_BCKorDSDCLK ; DSM_1bit:DSM|I2S_PCM_Converter:b2v_inst|WCLK_O ; -20.361      ; 1.331      ; 2.020      ;
; 16.049 ; I2S_RST                                                 ; DSM_1bit:DSM|I2S_PCM_Converter:b2v_inst|DATAL_Buf[15] ; I2S_BCKorDSDCLK ; DSM_1bit:DSM|I2S_PCM_Converter:b2v_inst|WCLK_O ; -20.361      ; 1.331      ; 2.103      ;
; 16.058 ; I2S_RST                                                 ; DSM_1bit:DSM|I2S_PCM_Converter:b2v_inst|DATAL_Buf[1]  ; I2S_BCKorDSDCLK ; DSM_1bit:DSM|I2S_PCM_Converter:b2v_inst|WCLK_O ; -20.361      ; 1.330      ; 2.111      ;
; 16.058 ; I2S_RST                                                 ; DSM_1bit:DSM|I2S_PCM_Converter:b2v_inst|DATAL_Buf[3]  ; I2S_BCKorDSDCLK ; DSM_1bit:DSM|I2S_PCM_Converter:b2v_inst|WCLK_O ; -20.361      ; 1.330      ; 2.111      ;
; 16.073 ; I2S_RST                                                 ; DSM_1bit:DSM|I2S_PCM_Converter:b2v_inst|DATAR_Buf[8]  ; I2S_BCKorDSDCLK ; DSM_1bit:DSM|I2S_PCM_Converter:b2v_inst|WCLK_O ; -20.361      ; 1.310      ; 2.106      ;
; 16.079 ; I2S_RST                                                 ; DSM_1bit:DSM|I2S_PCM_Converter:b2v_inst|DATAR_Buf[22] ; I2S_BCKorDSDCLK ; DSM_1bit:DSM|I2S_PCM_Converter:b2v_inst|WCLK_O ; -20.361      ; 1.310      ; 2.112      ;
; 16.102 ; I2S_RST                                                 ; DSM_1bit:DSM|I2S_PCM_Converter:b2v_inst|DATAL_Buf[11] ; I2S_BCKorDSDCLK ; DSM_1bit:DSM|I2S_PCM_Converter:b2v_inst|WCLK_O ; -20.361      ; 1.331      ; 2.156      ;
; 16.112 ; I2S_RST                                                 ; DSM_1bit:DSM|I2S_PCM_Converter:b2v_inst|DATAL_Buf[18] ; I2S_BCKorDSDCLK ; DSM_1bit:DSM|I2S_PCM_Converter:b2v_inst|WCLK_O ; -20.361      ; 1.331      ; 2.166      ;
; 16.121 ; I2S_RST                                                 ; DSM_1bit:DSM|I2S_PCM_Converter:b2v_inst|DATAL_Buf[6]  ; I2S_BCKorDSDCLK ; DSM_1bit:DSM|I2S_PCM_Converter:b2v_inst|WCLK_O ; -20.361      ; 1.330      ; 2.174      ;
; 16.125 ; I2S_RST                                                 ; DSM_1bit:DSM|I2S_PCM_Converter:b2v_inst|DATAL_Buf[7]  ; I2S_BCKorDSDCLK ; DSM_1bit:DSM|I2S_PCM_Converter:b2v_inst|WCLK_O ; -20.361      ; 1.330      ; 2.178      ;
; 16.126 ; I2S_RST                                                 ; DSM_1bit:DSM|I2S_PCM_Converter:b2v_inst|DATAL_Buf[5]  ; I2S_BCKorDSDCLK ; DSM_1bit:DSM|I2S_PCM_Converter:b2v_inst|WCLK_O ; -20.361      ; 1.330      ; 2.179      ;
; 16.137 ; I2S_RST                                                 ; DSM_1bit:DSM|I2S_PCM_Converter:b2v_inst|DATAL_Buf[2]  ; I2S_BCKorDSDCLK ; DSM_1bit:DSM|I2S_PCM_Converter:b2v_inst|WCLK_O ; -20.361      ; 1.330      ; 2.190      ;
; 16.147 ; I2S_RST                                                 ; DSM_1bit:DSM|I2S_PCM_Converter:b2v_inst|DATAL_Buf[17] ; I2S_BCKorDSDCLK ; DSM_1bit:DSM|I2S_PCM_Converter:b2v_inst|WCLK_O ; -20.361      ; 1.331      ; 2.201      ;
; 16.153 ; I2S_RST                                                 ; DSM_1bit:DSM|I2S_PCM_Converter:b2v_inst|DATAL_Buf[21] ; I2S_BCKorDSDCLK ; DSM_1bit:DSM|I2S_PCM_Converter:b2v_inst|WCLK_O ; -20.361      ; 1.331      ; 2.207      ;
; 16.179 ; I2S_RST                                                 ; DSM_1bit:DSM|I2S_PCM_Converter:b2v_inst|DATAR_Buf[17] ; I2S_BCKorDSDCLK ; DSM_1bit:DSM|I2S_PCM_Converter:b2v_inst|WCLK_O ; -20.361      ; 1.310      ; 2.212      ;
; 16.186 ; I2S_RST                                                 ; DSM_1bit:DSM|I2S_PCM_Converter:b2v_inst|DATAL_Buf[13] ; I2S_BCKorDSDCLK ; DSM_1bit:DSM|I2S_PCM_Converter:b2v_inst|WCLK_O ; -20.361      ; 1.331      ; 2.240      ;
; 16.209 ; I2S_RST                                                 ; DSM_1bit:DSM|I2S_PCM_Converter:b2v_inst|DATAL_Buf[4]  ; I2S_BCKorDSDCLK ; DSM_1bit:DSM|I2S_PCM_Converter:b2v_inst|WCLK_O ; -20.361      ; 1.330      ; 2.262      ;
; 16.215 ; I2S_RST                                                 ; DSM_1bit:DSM|I2S_PCM_Converter:b2v_inst|DATAR_Buf[14] ; I2S_BCKorDSDCLK ; DSM_1bit:DSM|I2S_PCM_Converter:b2v_inst|WCLK_O ; -20.361      ; 1.310      ; 2.248      ;
; 16.286 ; I2S_RST                                                 ; DSM_1bit:DSM|I2S_PCM_Converter:b2v_inst|DATAR_Buf[31] ; I2S_BCKorDSDCLK ; DSM_1bit:DSM|I2S_PCM_Converter:b2v_inst|WCLK_O ; -20.361      ; 1.312      ; 2.321      ;
; 16.293 ; I2S_RST                                                 ; DSM_1bit:DSM|I2S_PCM_Converter:b2v_inst|DATAR_Buf[18] ; I2S_BCKorDSDCLK ; DSM_1bit:DSM|I2S_PCM_Converter:b2v_inst|WCLK_O ; -20.361      ; 1.310      ; 2.326      ;
; 16.304 ; I2S_RST                                                 ; DSM_1bit:DSM|I2S_PCM_Converter:b2v_inst|DATAL_Buf[10] ; I2S_BCKorDSDCLK ; DSM_1bit:DSM|I2S_PCM_Converter:b2v_inst|WCLK_O ; -20.361      ; 1.331      ; 2.358      ;
; 16.308 ; I2S_RST                                                 ; DSM_1bit:DSM|I2S_PCM_Converter:b2v_inst|DATAL_Buf[8]  ; I2S_BCKorDSDCLK ; DSM_1bit:DSM|I2S_PCM_Converter:b2v_inst|WCLK_O ; -20.361      ; 1.331      ; 2.362      ;
; 16.391 ; I2S_RST                                                 ; DSM_1bit:DSM|I2S_PCM_Converter:b2v_inst|DATAR_Buf[19] ; I2S_BCKorDSDCLK ; DSM_1bit:DSM|I2S_PCM_Converter:b2v_inst|WCLK_O ; -20.361      ; 1.310      ; 2.424      ;
; 16.398 ; I2S_RST                                                 ; DSM_1bit:DSM|I2S_PCM_Converter:b2v_inst|DATAR_Buf[20] ; I2S_BCKorDSDCLK ; DSM_1bit:DSM|I2S_PCM_Converter:b2v_inst|WCLK_O ; -20.361      ; 1.310      ; 2.431      ;
; 16.502 ; I2S_RST                                                 ; DSM_1bit:DSM|I2S_PCM_Converter:b2v_inst|DATAL_Buf[31] ; I2S_BCKorDSDCLK ; DSM_1bit:DSM|I2S_PCM_Converter:b2v_inst|WCLK_O ; -20.361      ; 1.333      ; 2.558      ;
; 16.504 ; I2S_RST                                                 ; DSM_1bit:DSM|I2S_PCM_Converter:b2v_inst|DATAL_Buf[12] ; I2S_BCKorDSDCLK ; DSM_1bit:DSM|I2S_PCM_Converter:b2v_inst|WCLK_O ; -20.361      ; 1.331      ; 2.558      ;
; 16.504 ; I2S_RST                                                 ; DSM_1bit:DSM|I2S_PCM_Converter:b2v_inst|DATAL_Buf[14] ; I2S_BCKorDSDCLK ; DSM_1bit:DSM|I2S_PCM_Converter:b2v_inst|WCLK_O ; -20.361      ; 1.331      ; 2.558      ;
; 16.514 ; I2S_RST                                                 ; DSM_1bit:DSM|I2S_PCM_Converter:b2v_inst|DATAL_Buf[16] ; I2S_BCKorDSDCLK ; DSM_1bit:DSM|I2S_PCM_Converter:b2v_inst|WCLK_O ; -20.361      ; 1.331      ; 2.568      ;
; 16.519 ; I2S_RST                                                 ; DSM_1bit:DSM|I2S_PCM_Converter:b2v_inst|DATAL_Buf[9]  ; I2S_BCKorDSDCLK ; DSM_1bit:DSM|I2S_PCM_Converter:b2v_inst|WCLK_O ; -20.361      ; 1.331      ; 2.573      ;
; 16.618 ; I2S_RST                                                 ; DSM_1bit:DSM|I2S_PCM_Converter:b2v_inst|DATAL_Buf[0]  ; I2S_BCKorDSDCLK ; DSM_1bit:DSM|I2S_PCM_Converter:b2v_inst|WCLK_O ; -20.361      ; 1.330      ; 2.671      ;
; 16.661 ; I2S_RST                                                 ; DSM_1bit:DSM|I2S_PCM_Converter:b2v_inst|DATAL_Buf[19] ; I2S_BCKorDSDCLK ; DSM_1bit:DSM|I2S_PCM_Converter:b2v_inst|WCLK_O ; -20.361      ; 1.331      ; 2.715      ;
; 20.926 ; DSM_1bit:DSM|I2S_PCM_Converter:b2v_inst|DATA_LR_Buf[31] ; DSM_1bit:DSM|I2S_PCM_Converter:b2v_inst|DATAR_Buf[31] ; I2S_BCKorDSDCLK ; DSM_1bit:DSM|I2S_PCM_Converter:b2v_inst|WCLK_O ; -20.361      ; -0.113     ; 0.536      ;
; 21.009 ; DSM_1bit:DSM|I2S_PCM_Converter:b2v_inst|DATA_LR_Buf[47] ; DSM_1bit:DSM|I2S_PCM_Converter:b2v_inst|DATAL_Buf[15] ; I2S_BCKorDSDCLK ; DSM_1bit:DSM|I2S_PCM_Converter:b2v_inst|WCLK_O ; -20.361      ; -0.120     ; 0.612      ;
; 21.062 ; DSM_1bit:DSM|I2S_PCM_Converter:b2v_inst|DATA_LR_Buf[33] ; DSM_1bit:DSM|I2S_PCM_Converter:b2v_inst|DATAL_Buf[1]  ; I2S_BCKorDSDCLK ; DSM_1bit:DSM|I2S_PCM_Converter:b2v_inst|WCLK_O ; -20.361      ; -0.113     ; 0.672      ;
; 21.063 ; DSM_1bit:DSM|I2S_PCM_Converter:b2v_inst|DATA_LR_Buf[35] ; DSM_1bit:DSM|I2S_PCM_Converter:b2v_inst|DATAL_Buf[3]  ; I2S_BCKorDSDCLK ; DSM_1bit:DSM|I2S_PCM_Converter:b2v_inst|WCLK_O ; -20.361      ; -0.113     ; 0.673      ;
; 21.069 ; DSM_1bit:DSM|I2S_PCM_Converter:b2v_inst|DATA_LR_Buf[63] ; DSM_1bit:DSM|I2S_PCM_Converter:b2v_inst|DATAL_Buf[31] ; I2S_BCKorDSDCLK ; DSM_1bit:DSM|I2S_PCM_Converter:b2v_inst|WCLK_O ; -20.361      ; -0.118     ; 0.674      ;
; 21.117 ; DSM_1bit:DSM|I2S_PCM_Converter:b2v_inst|DATA_LR_Buf[50] ; DSM_1bit:DSM|I2S_PCM_Converter:b2v_inst|DATAL_Buf[18] ; I2S_BCKorDSDCLK ; DSM_1bit:DSM|I2S_PCM_Converter:b2v_inst|WCLK_O ; -20.361      ; -0.120     ; 0.720      ;
; 21.120 ; DSM_1bit:DSM|I2S_PCM_Converter:b2v_inst|DATA_LR_Buf[7]  ; DSM_1bit:DSM|I2S_PCM_Converter:b2v_inst|DATAR_Buf[7]  ; I2S_BCKorDSDCLK ; DSM_1bit:DSM|I2S_PCM_Converter:b2v_inst|WCLK_O ; -20.361      ; -0.114     ; 0.729      ;
; 21.133 ; DSM_1bit:DSM|I2S_PCM_Converter:b2v_inst|DATA_LR_Buf[39] ; DSM_1bit:DSM|I2S_PCM_Converter:b2v_inst|DATAL_Buf[7]  ; I2S_BCKorDSDCLK ; DSM_1bit:DSM|I2S_PCM_Converter:b2v_inst|WCLK_O ; -20.361      ; -0.113     ; 0.743      ;
; 21.135 ; DSM_1bit:DSM|I2S_PCM_Converter:b2v_inst|DATA_LR_Buf[37] ; DSM_1bit:DSM|I2S_PCM_Converter:b2v_inst|DATAL_Buf[5]  ; I2S_BCKorDSDCLK ; DSM_1bit:DSM|I2S_PCM_Converter:b2v_inst|WCLK_O ; -20.361      ; -0.113     ; 0.745      ;
; 21.136 ; DSM_1bit:DSM|I2S_PCM_Converter:b2v_inst|DATA_LR_Buf[43] ; DSM_1bit:DSM|I2S_PCM_Converter:b2v_inst|DATAL_Buf[11] ; I2S_BCKorDSDCLK ; DSM_1bit:DSM|I2S_PCM_Converter:b2v_inst|WCLK_O ; -20.361      ; -0.112     ; 0.747      ;
; 21.137 ; DSM_1bit:DSM|I2S_PCM_Converter:b2v_inst|DATA_LR_Buf[38] ; DSM_1bit:DSM|I2S_PCM_Converter:b2v_inst|DATAL_Buf[6]  ; I2S_BCKorDSDCLK ; DSM_1bit:DSM|I2S_PCM_Converter:b2v_inst|WCLK_O ; -20.361      ; -0.113     ; 0.747      ;
; 21.141 ; DSM_1bit:DSM|I2S_PCM_Converter:b2v_inst|DATA_LR_Buf[58] ; DSM_1bit:DSM|I2S_PCM_Converter:b2v_inst|DATAL_Buf[26] ; I2S_BCKorDSDCLK ; DSM_1bit:DSM|I2S_PCM_Converter:b2v_inst|WCLK_O ; -20.361      ; -0.110     ; 0.754      ;
; 21.142 ; DSM_1bit:DSM|I2S_PCM_Converter:b2v_inst|DATA_LR_Buf[24] ; DSM_1bit:DSM|I2S_PCM_Converter:b2v_inst|DATAR_Buf[24] ; I2S_BCKorDSDCLK ; DSM_1bit:DSM|I2S_PCM_Converter:b2v_inst|WCLK_O ; -20.361      ; -0.113     ; 0.752      ;
; 21.146 ; DSM_1bit:DSM|I2S_PCM_Converter:b2v_inst|DATA_LR_Buf[56] ; DSM_1bit:DSM|I2S_PCM_Converter:b2v_inst|DATAL_Buf[24] ; I2S_BCKorDSDCLK ; DSM_1bit:DSM|I2S_PCM_Converter:b2v_inst|WCLK_O ; -20.361      ; -0.110     ; 0.759      ;
; 21.151 ; DSM_1bit:DSM|I2S_PCM_Converter:b2v_inst|DATA_LR_Buf[30] ; DSM_1bit:DSM|I2S_PCM_Converter:b2v_inst|DATAR_Buf[30] ; I2S_BCKorDSDCLK ; DSM_1bit:DSM|I2S_PCM_Converter:b2v_inst|WCLK_O ; -20.361      ; -0.113     ; 0.761      ;
; 21.172 ; DSM_1bit:DSM|I2S_PCM_Converter:b2v_inst|DATA_LR_Buf[28] ; DSM_1bit:DSM|I2S_PCM_Converter:b2v_inst|DATAR_Buf[28] ; I2S_BCKorDSDCLK ; DSM_1bit:DSM|I2S_PCM_Converter:b2v_inst|WCLK_O ; -20.361      ; -0.113     ; 0.782      ;
; 21.173 ; DSM_1bit:DSM|I2S_PCM_Converter:b2v_inst|DATA_LR_Buf[23] ; DSM_1bit:DSM|I2S_PCM_Converter:b2v_inst|DATAR_Buf[23] ; I2S_BCKorDSDCLK ; DSM_1bit:DSM|I2S_PCM_Converter:b2v_inst|WCLK_O ; -20.361      ; -0.115     ; 0.781      ;
; 21.175 ; DSM_1bit:DSM|I2S_PCM_Converter:b2v_inst|DATA_LR_Buf[49] ; DSM_1bit:DSM|I2S_PCM_Converter:b2v_inst|DATAL_Buf[17] ; I2S_BCKorDSDCLK ; DSM_1bit:DSM|I2S_PCM_Converter:b2v_inst|WCLK_O ; -20.361      ; -0.120     ; 0.778      ;
; 21.202 ; DSM_1bit:DSM|I2S_PCM_Converter:b2v_inst|DATA_LR_Buf[62] ; DSM_1bit:DSM|I2S_PCM_Converter:b2v_inst|DATAL_Buf[30] ; I2S_BCKorDSDCLK ; DSM_1bit:DSM|I2S_PCM_Converter:b2v_inst|WCLK_O ; -20.361      ; -0.110     ; 0.815      ;
; 21.207 ; DSM_1bit:DSM|I2S_PCM_Converter:b2v_inst|DATA_LR_Buf[59] ; DSM_1bit:DSM|I2S_PCM_Converter:b2v_inst|DATAL_Buf[27] ; I2S_BCKorDSDCLK ; DSM_1bit:DSM|I2S_PCM_Converter:b2v_inst|WCLK_O ; -20.361      ; -0.110     ; 0.820      ;
; 21.209 ; DSM_1bit:DSM|I2S_PCM_Converter:b2v_inst|DATA_LR_Buf[3]  ; DSM_1bit:DSM|I2S_PCM_Converter:b2v_inst|DATAR_Buf[3]  ; I2S_BCKorDSDCLK ; DSM_1bit:DSM|I2S_PCM_Converter:b2v_inst|WCLK_O ; -20.361      ; -0.114     ; 0.818      ;
; 21.220 ; DSM_1bit:DSM|I2S_PCM_Converter:b2v_inst|DATA_LR_Buf[61] ; DSM_1bit:DSM|I2S_PCM_Converter:b2v_inst|DATAL_Buf[29] ; I2S_BCKorDSDCLK ; DSM_1bit:DSM|I2S_PCM_Converter:b2v_inst|WCLK_O ; -20.361      ; -0.110     ; 0.833      ;
; 21.220 ; DSM_1bit:DSM|I2S_PCM_Converter:b2v_inst|DATA_LR_Buf[36] ; DSM_1bit:DSM|I2S_PCM_Converter:b2v_inst|DATAL_Buf[4]  ; I2S_BCKorDSDCLK ; DSM_1bit:DSM|I2S_PCM_Converter:b2v_inst|WCLK_O ; -20.361      ; -0.113     ; 0.830      ;
; 21.228 ; DSM_1bit:DSM|I2S_PCM_Converter:b2v_inst|DATA_LR_Buf[21] ; DSM_1bit:DSM|I2S_PCM_Converter:b2v_inst|DATAR_Buf[21] ; I2S_BCKorDSDCLK ; DSM_1bit:DSM|I2S_PCM_Converter:b2v_inst|WCLK_O ; -20.361      ; -0.115     ; 0.836      ;
; 21.246 ; DSM_1bit:DSM|I2S_PCM_Converter:b2v_inst|DATA_LR_Buf[6]  ; DSM_1bit:DSM|I2S_PCM_Converter:b2v_inst|DATAR_Buf[6]  ; I2S_BCKorDSDCLK ; DSM_1bit:DSM|I2S_PCM_Converter:b2v_inst|WCLK_O ; -20.361      ; -0.114     ; 0.855      ;
; 21.251 ; DSM_1bit:DSM|I2S_PCM_Converter:b2v_inst|DATA_LR_Buf[34] ; DSM_1bit:DSM|I2S_PCM_Converter:b2v_inst|DATAL_Buf[2]  ; I2S_BCKorDSDCLK ; DSM_1bit:DSM|I2S_PCM_Converter:b2v_inst|WCLK_O ; -20.361      ; -0.113     ; 0.861      ;
; 21.265 ; DSM_1bit:DSM|I2S_PCM_Converter:b2v_inst|DATA_LR_Buf[27] ; DSM_1bit:DSM|I2S_PCM_Converter:b2v_inst|DATAR_Buf[27] ; I2S_BCKorDSDCLK ; DSM_1bit:DSM|I2S_PCM_Converter:b2v_inst|WCLK_O ; -20.361      ; -0.113     ; 0.875      ;
; 21.269 ; DSM_1bit:DSM|I2S_PCM_Converter:b2v_inst|DATA_LR_Buf[60] ; DSM_1bit:DSM|I2S_PCM_Converter:b2v_inst|DATAL_Buf[28] ; I2S_BCKorDSDCLK ; DSM_1bit:DSM|I2S_PCM_Converter:b2v_inst|WCLK_O ; -20.361      ; -0.110     ; 0.882      ;
; 21.283 ; DSM_1bit:DSM|I2S_PCM_Converter:b2v_inst|DATA_LR_Buf[40] ; DSM_1bit:DSM|I2S_PCM_Converter:b2v_inst|DATAL_Buf[8]  ; I2S_BCKorDSDCLK ; DSM_1bit:DSM|I2S_PCM_Converter:b2v_inst|WCLK_O ; -20.361      ; -0.112     ; 0.894      ;
; 21.287 ; DSM_1bit:DSM|I2S_PCM_Converter:b2v_inst|DATA_LR_Buf[26] ; DSM_1bit:DSM|I2S_PCM_Converter:b2v_inst|DATAR_Buf[26] ; I2S_BCKorDSDCLK ; DSM_1bit:DSM|I2S_PCM_Converter:b2v_inst|WCLK_O ; -20.361      ; -0.113     ; 0.897      ;
; 21.300 ; DSM_1bit:DSM|I2S_PCM_Converter:b2v_inst|DATA_LR_Buf[1]  ; DSM_1bit:DSM|I2S_PCM_Converter:b2v_inst|DATAR_Buf[1]  ; I2S_BCKorDSDCLK ; DSM_1bit:DSM|I2S_PCM_Converter:b2v_inst|WCLK_O ; -20.361      ; -0.126     ; 0.897      ;
; 21.301 ; DSM_1bit:DSM|I2S_PCM_Converter:b2v_inst|DATA_LR_Buf[12] ; DSM_1bit:DSM|I2S_PCM_Converter:b2v_inst|DATAR_Buf[12] ; I2S_BCKorDSDCLK ; DSM_1bit:DSM|I2S_PCM_Converter:b2v_inst|WCLK_O ; -20.361      ; -0.132     ; 0.892      ;
; 21.303 ; DSM_1bit:DSM|I2S_PCM_Converter:b2v_inst|DATA_LR_Buf[0]  ; DSM_1bit:DSM|I2S_PCM_Converter:b2v_inst|DATAR_Buf[0]  ; I2S_BCKorDSDCLK ; DSM_1bit:DSM|I2S_PCM_Converter:b2v_inst|WCLK_O ; -20.361      ; -0.126     ; 0.900      ;
; 21.304 ; DSM_1bit:DSM|I2S_PCM_Converter:b2v_inst|DATA_LR_Buf[9]  ; DSM_1bit:DSM|I2S_PCM_Converter:b2v_inst|DATAR_Buf[9]  ; I2S_BCKorDSDCLK ; DSM_1bit:DSM|I2S_PCM_Converter:b2v_inst|WCLK_O ; -20.361      ; -0.132     ; 0.895      ;
; 21.304 ; DSM_1bit:DSM|I2S_PCM_Converter:b2v_inst|DATA_LR_Buf[15] ; DSM_1bit:DSM|I2S_PCM_Converter:b2v_inst|DATAR_Buf[15] ; I2S_BCKorDSDCLK ; DSM_1bit:DSM|I2S_PCM_Converter:b2v_inst|WCLK_O ; -20.361      ; -0.132     ; 0.895      ;
; 21.304 ; DSM_1bit:DSM|I2S_PCM_Converter:b2v_inst|DATA_LR_Buf[45] ; DSM_1bit:DSM|I2S_PCM_Converter:b2v_inst|DATAL_Buf[13] ; I2S_BCKorDSDCLK ; DSM_1bit:DSM|I2S_PCM_Converter:b2v_inst|WCLK_O ; -20.361      ; -0.120     ; 0.907      ;
+--------+---------------------------------------------------------+-------------------------------------------------------+-----------------+------------------------------------------------+--------------+------------+------------+


----------------------------------------------
; Fast 1200mV 0C Model Metastability Summary ;
----------------------------------------------
The design MTBF is not calculated because there are no specified synchronizers in the design.
Number of Synchronizer Chains Found: 66
Shortest Synchronizer Chain: 2 Registers
Fraction of Chains for which MTBFs Could Not be Calculated: 1.000
Worst Case Available Settling Time: 27.532 ns




